This is pdfTeX, Version 3.14159265-2.6-1.40.18 (TeX Live 2017/Debian) (preloaded format=pdflatex 2019.4.2)  24 APR 2019 20:09
entering extended mode
 restricted \write18 enabled.
 %&-line parsing enabled.
**test.tex
(./test.tex
LaTeX2e <2017-04-15>
Babel <3.12> and hyphenation patterns for 7 language(s) loaded.
(/usr/share/texlive/texmf-dist/tex/latex/koma-script/scrreprt.cls
Document Class: scrreprt 2017/04/13 v3.23 KOMA-Script document class (report)
(/usr/share/texlive/texmf-dist/tex/latex/koma-script/scrkbase.sty
Package: scrkbase 2017/04/13 v3.23 KOMA-Script package (KOMA-Script-dependent b
asics and keyval usage)

(/usr/share/texlive/texmf-dist/tex/latex/koma-script/scrbase.sty
Package: scrbase 2017/04/13 v3.23 KOMA-Script package (KOMA-Script-independent 
basics and keyval usage)

(/usr/share/texlive/texmf-dist/tex/latex/graphics/keyval.sty
Package: keyval 2014/10/28 v1.15 key=value parser (DPC)
\KV@toks@=\toks14
)
(/usr/share/texlive/texmf-dist/tex/latex/koma-script/scrlfile.sty
Package: scrlfile 2017/04/13 v3.23 KOMA-Script package (loading files)

Package scrlfile, 2017/04/13 v3.23 KOMA-Script package (loading files)
                  Copyright (C) Markus Kohm

))) (/usr/share/texlive/texmf-dist/tex/latex/koma-script/tocbasic.sty
Package: tocbasic 2017/04/13 v3.23 KOMA-Script package (handling toc-files)
\scr@dte@tocline@numberwidth=\skip41
\scr@dte@tocline@numbox=\box26
)
Package tocbasic Info: omitting babel extension for `toc'
(tocbasic)             because of feature `nobabel' available
(tocbasic)             for `toc' on input line 133.
Package tocbasic Info: omitting babel extension for `lof'
(tocbasic)             because of feature `nobabel' available
(tocbasic)             for `lof' on input line 135.
Package tocbasic Info: omitting babel extension for `lot'
(tocbasic)             because of feature `nobabel' available
(tocbasic)             for `lot' on input line 136.
Package tocbasic Info: defining new hook before heading of `' on input line 161
2.
Class scrreprt Info: You've used standard option `openright'.
(scrreprt)           This is correct!
(scrreprt)           Internally I'm using `open=right'.
(scrreprt)           If you'd like to set the option with \KOMAoptions,
(scrreprt)           you'd have to use `open=right' there
(scrreprt)           instead of `openright', too.


Class scrreprt Warning: You've used obsolete option `cleardoubleempty'.
(scrreprt)              Usage of this option indicates an old document
(scrreprt)              and changes compatibility level using
(scrreprt)              `cleardoublepage=empty,version=first,
(scrreprt)              enabledeprecatedfontcommands' that may result
(scrreprt)              in further warnings.
(scrreprt)              If you don't want this, you should simply
(scrreprt)              replace option `cleardoubleempty' by `cleardoublepage=e
mpty'.

Class scrreprt Info: Switching compatibility level to `first'.

Class scrreprt Warning: deprecated option `enabledeprecatedfontcommands'.
(scrreprt)              Note, that this option was already depreacted when
(scrreprt)              it has been defined. Support for old font commands
(scrreprt)              has been removed from KOMA-Script more than one
(scrreprt)              decade ago. It is not recommended to use them any
(scrreprt)              longer. Therefore usage of this class option also
(scrreprt)              is not recommended.

Class scrreprt Info: File `scrsize11pt.clo' used instead of
(scrreprt)           file `scrsize11.clo' to setup font sizes on input line 227
2.
(/usr/share/texlive/texmf-dist/tex/latex/koma-script/scrsize11pt.clo
File: scrsize11pt.clo 2017/04/13 v3.23 KOMA-Script font size class option (11pt
)
)
(/usr/share/texlive/texmf-dist/tex/latex/koma-script/typearea.sty
Package: typearea 2017/04/13 v3.23 KOMA-Script package (type area)
\ta@bcor=\skip42
\ta@div=\count79
Package typearea Info: You've used standard option `a4paper'.
(typearea)             This is correct!
(typearea)             Internally I'm using `paper=a4'.
(typearea)             If you'd like to set the option with \KOMAoptions,
(typearea)             you'd have to use `paper=a4' there
(typearea)             instead of `a4paper', too.


Package typearea Warning: You've used obsolete option `BCOR10mm'.
(typearea)                Usage of this option indicates an old document
(typearea)                and changes compatibility level using
(typearea)                `BCOR=10mm,version=first,
(typearea)                enabledeprecatedfontcommands' that may result
(typearea)                in further warnings.
(typearea)                If you don't want this, you should simply
(typearea)                replace option `BCOR10mm' by `BCOR=10mm'.

Package typearea Info: Switching compatibility level to `first'.

Package typearea Warning: You've used obsolete option `DIV11'.
(typearea)                Usage of this option indicates an old document
(typearea)                and changes compatibility level using
(typearea)                `DIV=11,version=first,
(typearea)                enabledeprecatedfontcommands' that may result
(typearea)                in further warnings.
(typearea)                If you don't want this, you should simply
(typearea)                replace option `DIV11' by `DIV=11'.

Package typearea Info: Switching compatibility level to `first'.
\ta@hblk=\skip43
\ta@vblk=\skip44
\ta@temp=\skip45
\footheight=\skip46
Package typearea Info: These are the values describing the layout:
(typearea)             DIV  = 11
(typearea)             BCOR = 28.45274pt
(typearea)             \paperwidth      = 597.50793pt
(typearea)              \textwidth      = 413.85834pt
(typearea)              DIV departure   = -5%
(typearea)              \evensidemargin = 33.78117pt
(typearea)              \oddsidemargin  = 33.78117pt
(typearea)             \paperheight     = 845.04694pt
(typearea)              \textheight     = 623.00027pt
(typearea)              \topmargin      = -32.84755pt
(typearea)              \headheight     = 17.0pt
(typearea)              \headsep        = 20.40001pt
(typearea)              \topskip        = 11.0pt
(typearea)              \footskip       = 47.6pt
(typearea)              \baselineskip   = 13.6pt
(typearea)              on input line 1647.
)
\c@part=\count80
\c@chapter=\count81
\c@section=\count82
\c@subsection=\count83
\c@subsubsection=\count84
\c@paragraph=\count85
\c@subparagraph=\count86
\scr@dte@part@maxnumwidth=\skip47
\scr@dte@chapter@maxnumwidth=\skip48
\scr@dte@section@maxnumwidth=\skip49
\scr@dte@subsection@maxnumwidth=\skip50
\scr@dte@subsubsection@maxnumwidth=\skip51
\scr@dte@paragraph@maxnumwidth=\skip52
\scr@dte@subparagraph@maxnumwidth=\skip53
LaTeX Info: Redefining \textsubscript on input line 4841.
\abovecaptionskip=\skip54
\belowcaptionskip=\skip55
\c@pti@nb@sid@b@x=\box27
\c@figure=\count87
\c@table=\count88
Class scrreprt Info: Using old \@makefntext due to compatibility level
(scrreprt)           less than 3.22 on input line 5976.
Class scrreprt Info: Redefining `\numberline' on input line 5988.
\bibindent=\dimen102
) (/usr/share/texlive/texmf-dist/tex/latex/base/fontenc.sty
Package: fontenc 2017/04/05 v2.0i Standard LaTeX package

(/usr/share/texlive/texmf-dist/tex/latex/base/t1enc.def
File: t1enc.def 2017/04/05 v2.0i Standard LaTeX file
LaTeX Font Info:    Redeclaring font encoding T1 on input line 48.
))
(/usr/share/texlive/texmf-dist/tex/latex/base/inputenc.sty
Package: inputenc 2015/03/17 v1.2c Input encoding file
\inpenc@prehook=\toks15
\inpenc@posthook=\toks16

(/usr/share/texlive/texmf-dist/tex/latex/base/utf8.def
File: utf8.def 2017/01/28 v1.1t UTF-8 support for inputenc
Now handling font encoding OML ...
... no UTF-8 mapping file for font encoding OML
Now handling font encoding T1 ...
... processing UTF-8 mapping file for font encoding T1

(/usr/share/texlive/texmf-dist/tex/latex/base/t1enc.dfu
File: t1enc.dfu 2017/01/28 v1.1t UTF-8 support for inputenc
   defining Unicode char U+00A0 (decimal 160)
   defining Unicode char U+00A1 (decimal 161)
   defining Unicode char U+00A3 (decimal 163)
   defining Unicode char U+00AB (decimal 171)
   defining Unicode char U+00AD (decimal 173)
   defining Unicode char U+00BB (decimal 187)
   defining Unicode char U+00BF (decimal 191)
   defining Unicode char U+00C0 (decimal 192)
   defining Unicode char U+00C1 (decimal 193)
   defining Unicode char U+00C2 (decimal 194)
   defining Unicode char U+00C3 (decimal 195)
   defining Unicode char U+00C4 (decimal 196)
   defining Unicode char U+00C5 (decimal 197)
   defining Unicode char U+00C6 (decimal 198)
   defining Unicode char U+00C7 (decimal 199)
   defining Unicode char U+00C8 (decimal 200)
   defining Unicode char U+00C9 (decimal 201)
   defining Unicode char U+00CA (decimal 202)
   defining Unicode char U+00CB (decimal 203)
   defining Unicode char U+00CC (decimal 204)
   defining Unicode char U+00CD (decimal 205)
   defining Unicode char U+00CE (decimal 206)
   defining Unicode char U+00CF (decimal 207)
   defining Unicode char U+00D0 (decimal 208)
   defining Unicode char U+00D1 (decimal 209)
   defining Unicode char U+00D2 (decimal 210)
   defining Unicode char U+00D3 (decimal 211)
   defining Unicode char U+00D4 (decimal 212)
   defining Unicode char U+00D5 (decimal 213)
   defining Unicode char U+00D6 (decimal 214)
   defining Unicode char U+00D8 (decimal 216)
   defining Unicode char U+00D9 (decimal 217)
   defining Unicode char U+00DA (decimal 218)
   defining Unicode char U+00DB (decimal 219)
   defining Unicode char U+00DC (decimal 220)
   defining Unicode char U+00DD (decimal 221)
   defining Unicode char U+00DE (decimal 222)
   defining Unicode char U+00DF (decimal 223)
   defining Unicode char U+00E0 (decimal 224)
   defining Unicode char U+00E1 (decimal 225)
   defining Unicode char U+00E2 (decimal 226)
   defining Unicode char U+00E3 (decimal 227)
   defining Unicode char U+00E4 (decimal 228)
   defining Unicode char U+00E5 (decimal 229)
   defining Unicode char U+00E6 (decimal 230)
   defining Unicode char U+00E7 (decimal 231)
   defining Unicode char U+00E8 (decimal 232)
   defining Unicode char U+00E9 (decimal 233)
   defining Unicode char U+00EA (decimal 234)
   defining Unicode char U+00EB (decimal 235)
   defining Unicode char U+00EC (decimal 236)
   defining Unicode char U+00ED (decimal 237)
   defining Unicode char U+00EE (decimal 238)
   defining Unicode char U+00EF (decimal 239)
   defining Unicode char U+00F0 (decimal 240)
   defining Unicode char U+00F1 (decimal 241)
   defining Unicode char U+00F2 (decimal 242)
   defining Unicode char U+00F3 (decimal 243)
   defining Unicode char U+00F4 (decimal 244)
   defining Unicode char U+00F5 (decimal 245)
   defining Unicode char U+00F6 (decimal 246)
   defining Unicode char U+00F8 (decimal 248)
   defining Unicode char U+00F9 (decimal 249)
   defining Unicode char U+00FA (decimal 250)
   defining Unicode char U+00FB (decimal 251)
   defining Unicode char U+00FC (decimal 252)
   defining Unicode char U+00FD (decimal 253)
   defining Unicode char U+00FE (decimal 254)
   defining Unicode char U+00FF (decimal 255)
   defining Unicode char U+0100 (decimal 256)
   defining Unicode char U+0101 (decimal 257)
   defining Unicode char U+0102 (decimal 258)
   defining Unicode char U+0103 (decimal 259)
   defining Unicode char U+0104 (decimal 260)
   defining Unicode char U+0105 (decimal 261)
   defining Unicode char U+0106 (decimal 262)
   defining Unicode char U+0107 (decimal 263)
   defining Unicode char U+0108 (decimal 264)
   defining Unicode char U+0109 (decimal 265)
   defining Unicode char U+010A (decimal 266)
   defining Unicode char U+010B (decimal 267)
   defining Unicode char U+010C (decimal 268)
   defining Unicode char U+010D (decimal 269)
   defining Unicode char U+010E (decimal 270)
   defining Unicode char U+010F (decimal 271)
   defining Unicode char U+0110 (decimal 272)
   defining Unicode char U+0111 (decimal 273)
   defining Unicode char U+0112 (decimal 274)
   defining Unicode char U+0113 (decimal 275)
   defining Unicode char U+0114 (decimal 276)
   defining Unicode char U+0115 (decimal 277)
   defining Unicode char U+0116 (decimal 278)
   defining Unicode char U+0117 (decimal 279)
   defining Unicode char U+0118 (decimal 280)
   defining Unicode char U+0119 (decimal 281)
   defining Unicode char U+011A (decimal 282)
   defining Unicode char U+011B (decimal 283)
   defining Unicode char U+011C (decimal 284)
   defining Unicode char U+011D (decimal 285)
   defining Unicode char U+011E (decimal 286)
   defining Unicode char U+011F (decimal 287)
   defining Unicode char U+0120 (decimal 288)
   defining Unicode char U+0121 (decimal 289)
   defining Unicode char U+0122 (decimal 290)
   defining Unicode char U+0123 (decimal 291)
   defining Unicode char U+0124 (decimal 292)
   defining Unicode char U+0125 (decimal 293)
   defining Unicode char U+0128 (decimal 296)
   defining Unicode char U+0129 (decimal 297)
   defining Unicode char U+012A (decimal 298)
   defining Unicode char U+012B (decimal 299)
   defining Unicode char U+012C (decimal 300)
   defining Unicode char U+012D (decimal 301)
   defining Unicode char U+012E (decimal 302)
   defining Unicode char U+012F (decimal 303)
   defining Unicode char U+0130 (decimal 304)
   defining Unicode char U+0131 (decimal 305)
   defining Unicode char U+0132 (decimal 306)
   defining Unicode char U+0133 (decimal 307)
   defining Unicode char U+0134 (decimal 308)
   defining Unicode char U+0135 (decimal 309)
   defining Unicode char U+0136 (decimal 310)
   defining Unicode char U+0137 (decimal 311)
   defining Unicode char U+0139 (decimal 313)
   defining Unicode char U+013A (decimal 314)
   defining Unicode char U+013B (decimal 315)
   defining Unicode char U+013C (decimal 316)
   defining Unicode char U+013D (decimal 317)
   defining Unicode char U+013E (decimal 318)
   defining Unicode char U+0141 (decimal 321)
   defining Unicode char U+0142 (decimal 322)
   defining Unicode char U+0143 (decimal 323)
   defining Unicode char U+0144 (decimal 324)
   defining Unicode char U+0145 (decimal 325)
   defining Unicode char U+0146 (decimal 326)
   defining Unicode char U+0147 (decimal 327)
   defining Unicode char U+0148 (decimal 328)
   defining Unicode char U+014A (decimal 330)
   defining Unicode char U+014B (decimal 331)
   defining Unicode char U+014C (decimal 332)
   defining Unicode char U+014D (decimal 333)
   defining Unicode char U+014E (decimal 334)
   defining Unicode char U+014F (decimal 335)
   defining Unicode char U+0150 (decimal 336)
   defining Unicode char U+0151 (decimal 337)
   defining Unicode char U+0152 (decimal 338)
   defining Unicode char U+0153 (decimal 339)
   defining Unicode char U+0154 (decimal 340)
   defining Unicode char U+0155 (decimal 341)
   defining Unicode char U+0156 (decimal 342)
   defining Unicode char U+0157 (decimal 343)
   defining Unicode char U+0158 (decimal 344)
   defining Unicode char U+0159 (decimal 345)
   defining Unicode char U+015A (decimal 346)
   defining Unicode char U+015B (decimal 347)
   defining Unicode char U+015C (decimal 348)
   defining Unicode char U+015D (decimal 349)
   defining Unicode char U+015E (decimal 350)
   defining Unicode char U+015F (decimal 351)
   defining Unicode char U+0160 (decimal 352)
   defining Unicode char U+0161 (decimal 353)
   defining Unicode char U+0162 (decimal 354)
   defining Unicode char U+0163 (decimal 355)
   defining Unicode char U+0164 (decimal 356)
   defining Unicode char U+0165 (decimal 357)
   defining Unicode char U+0168 (decimal 360)
   defining Unicode char U+0169 (decimal 361)
   defining Unicode char U+016A (decimal 362)
   defining Unicode char U+016B (decimal 363)
   defining Unicode char U+016C (decimal 364)
   defining Unicode char U+016D (decimal 365)
   defining Unicode char U+016E (decimal 366)
   defining Unicode char U+016F (decimal 367)
   defining Unicode char U+0170 (decimal 368)
   defining Unicode char U+0171 (decimal 369)
   defining Unicode char U+0172 (decimal 370)
   defining Unicode char U+0173 (decimal 371)
   defining Unicode char U+0174 (decimal 372)
   defining Unicode char U+0175 (decimal 373)
   defining Unicode char U+0176 (decimal 374)
   defining Unicode char U+0177 (decimal 375)
   defining Unicode char U+0178 (decimal 376)
   defining Unicode char U+0179 (decimal 377)
   defining Unicode char U+017A (decimal 378)
   defining Unicode char U+017B (decimal 379)
   defining Unicode char U+017C (decimal 380)
   defining Unicode char U+017D (decimal 381)
   defining Unicode char U+017E (decimal 382)
   defining Unicode char U+01CD (decimal 461)
   defining Unicode char U+01CE (decimal 462)
   defining Unicode char U+01CF (decimal 463)
   defining Unicode char U+01D0 (decimal 464)
   defining Unicode char U+01D1 (decimal 465)
   defining Unicode char U+01D2 (decimal 466)
   defining Unicode char U+01D3 (decimal 467)
   defining Unicode char U+01D4 (decimal 468)
   defining Unicode char U+01E2 (decimal 482)
   defining Unicode char U+01E3 (decimal 483)
   defining Unicode char U+01E6 (decimal 486)
   defining Unicode char U+01E7 (decimal 487)
   defining Unicode char U+01E8 (decimal 488)
   defining Unicode char U+01E9 (decimal 489)
   defining Unicode char U+01EA (decimal 490)
   defining Unicode char U+01EB (decimal 491)
   defining Unicode char U+01F0 (decimal 496)
   defining Unicode char U+01F4 (decimal 500)
   defining Unicode char U+01F5 (decimal 501)
   defining Unicode char U+0218 (decimal 536)
   defining Unicode char U+0219 (decimal 537)
   defining Unicode char U+021A (decimal 538)
   defining Unicode char U+021B (decimal 539)
   defining Unicode char U+0232 (decimal 562)
   defining Unicode char U+0233 (decimal 563)
   defining Unicode char U+1E02 (decimal 7682)
   defining Unicode char U+1E03 (decimal 7683)
   defining Unicode char U+200C (decimal 8204)
   defining Unicode char U+2010 (decimal 8208)
   defining Unicode char U+2011 (decimal 8209)
   defining Unicode char U+2012 (decimal 8210)
   defining Unicode char U+2013 (decimal 8211)
   defining Unicode char U+2014 (decimal 8212)
   defining Unicode char U+2015 (decimal 8213)
   defining Unicode char U+2018 (decimal 8216)
   defining Unicode char U+2019 (decimal 8217)
   defining Unicode char U+201A (decimal 8218)
   defining Unicode char U+201C (decimal 8220)
   defining Unicode char U+201D (decimal 8221)
   defining Unicode char U+201E (decimal 8222)
   defining Unicode char U+2030 (decimal 8240)
   defining Unicode char U+2031 (decimal 8241)
   defining Unicode char U+2039 (decimal 8249)
   defining Unicode char U+203A (decimal 8250)
   defining Unicode char U+2423 (decimal 9251)
   defining Unicode char U+1E20 (decimal 7712)
   defining Unicode char U+1E21 (decimal 7713)
)
Now handling font encoding OT1 ...
... processing UTF-8 mapping file for font encoding OT1

(/usr/share/texlive/texmf-dist/tex/latex/base/ot1enc.dfu
File: ot1enc.dfu 2017/01/28 v1.1t UTF-8 support for inputenc
   defining Unicode char U+00A0 (decimal 160)
   defining Unicode char U+00A1 (decimal 161)
   defining Unicode char U+00A3 (decimal 163)
   defining Unicode char U+00AD (decimal 173)
   defining Unicode char U+00B8 (decimal 184)
   defining Unicode char U+00BF (decimal 191)
   defining Unicode char U+00C5 (decimal 197)
   defining Unicode char U+00C6 (decimal 198)
   defining Unicode char U+00D8 (decimal 216)
   defining Unicode char U+00DF (decimal 223)
   defining Unicode char U+00E6 (decimal 230)
   defining Unicode char U+00EC (decimal 236)
   defining Unicode char U+00ED (decimal 237)
   defining Unicode char U+00EE (decimal 238)
   defining Unicode char U+00EF (decimal 239)
   defining Unicode char U+00F8 (decimal 248)
   defining Unicode char U+0131 (decimal 305)
   defining Unicode char U+0141 (decimal 321)
   defining Unicode char U+0142 (decimal 322)
   defining Unicode char U+0152 (decimal 338)
   defining Unicode char U+0153 (decimal 339)
   defining Unicode char U+0174 (decimal 372)
   defining Unicode char U+0175 (decimal 373)
   defining Unicode char U+0176 (decimal 374)
   defining Unicode char U+0177 (decimal 375)
   defining Unicode char U+0218 (decimal 536)
   defining Unicode char U+0219 (decimal 537)
   defining Unicode char U+021A (decimal 538)
   defining Unicode char U+021B (decimal 539)
   defining Unicode char U+2013 (decimal 8211)
   defining Unicode char U+2014 (decimal 8212)
   defining Unicode char U+2018 (decimal 8216)
   defining Unicode char U+2019 (decimal 8217)
   defining Unicode char U+201C (decimal 8220)
   defining Unicode char U+201D (decimal 8221)
)
Now handling font encoding OMS ...
... processing UTF-8 mapping file for font encoding OMS

(/usr/share/texlive/texmf-dist/tex/latex/base/omsenc.dfu
File: omsenc.dfu 2017/01/28 v1.1t UTF-8 support for inputenc
   defining Unicode char U+00A7 (decimal 167)
   defining Unicode char U+00B6 (decimal 182)
   defining Unicode char U+00B7 (decimal 183)
   defining Unicode char U+2020 (decimal 8224)
   defining Unicode char U+2021 (decimal 8225)
   defining Unicode char U+2022 (decimal 8226)
)
Now handling font encoding OMX ...
... no UTF-8 mapping file for font encoding OMX
Now handling font encoding U ...
... no UTF-8 mapping file for font encoding U
   defining Unicode char U+00A9 (decimal 169)
   defining Unicode char U+00AA (decimal 170)
   defining Unicode char U+00AE (decimal 174)
   defining Unicode char U+00BA (decimal 186)
   defining Unicode char U+02C6 (decimal 710)
   defining Unicode char U+02DC (decimal 732)
   defining Unicode char U+200C (decimal 8204)
   defining Unicode char U+2026 (decimal 8230)
   defining Unicode char U+2122 (decimal 8482)
   defining Unicode char U+2423 (decimal 9251)
))
(/usr/share/texlive/texmf-dist/tex/latex/tools/array.sty
Package: array 2016/10/06 v2.4d Tabular extension package (FMi)
\col@sep=\dimen103
\extrarowheight=\dimen104
\NC@list=\toks17
\extratabsurround=\skip56
\backup@length=\skip57
)
(/usr/share/texlive/texmf-dist/tex/latex/tools/longtable.sty
Package: longtable 2014/10/28 v4.11 Multi-page Table package (DPC)
\LTleft=\skip58
\LTright=\skip59
\LTpre=\skip60
\LTpost=\skip61
\LTchunksize=\count89
\LTcapwidth=\dimen105
\LT@head=\box28
\LT@firsthead=\box29
\LT@foot=\box30
\LT@lastfoot=\box31
\LT@cols=\count90
\LT@rows=\count91
\c@LT@tables=\count92
\c@LT@chunks=\count93
\LT@p@ftn=\toks18
)
Class scrreprt Info: longtable captions redefined on input line 8.

(/usr/share/texlive/texmf-dist/tex/latex/tools/varioref.sty
Package: varioref 2016/02/16 v1.5c package for extended references (FMi)
\c@vrcnt=\count94
)
(/usr/share/texlive/texmf-dist/tex/latex/wrapfig/wrapfig.sty
\wrapoverhang=\dimen106
\WF@size=\dimen107
\c@WF@wrappedlines=\count95
\WF@box=\box32
\WF@everypar=\toks19
Package: wrapfig 2003/01/31  v 3.6
)
(/usr/share/texlive/texmf-dist/tex/latex/fancybox/fancybox.sty
Package: fancybox 2010/05/15 1.4

Style option: `fancybox' v1.4 <2010/05/15> (tvz)
\@fancybox=\box33
\shadowsize=\dimen108
\@Sbox=\box34
\do@VerbBox=\toks20
\the@fancyput=\toks21
\this@fancyput=\toks22
\EndVerbatimTokens=\toks23
\Verbatim@Outfile=\write3
\Verbatim@Infile=\read1
) (/usr/share/texlive/texmf-dist/tex/latex/tools/calc.sty
Package: calc 2014/10/28 v4.3 Infix arithmetic (KKT,FJ)
\calc@Acount=\count96
\calc@Bcount=\count97
\calc@Adimen=\dimen109
\calc@Bdimen=\dimen110
\calc@Askip=\skip62
\calc@Bskip=\skip63
LaTeX Info: Redefining \setlength on input line 80.
LaTeX Info: Redefining \addtolength on input line 81.
\calc@Ccount=\count98
\calc@Cskip=\skip64
)
(/usr/share/texlive/texmf-dist/tex/latex/framed/framed.sty
Package: framed 2011/10/22 v 0.96: framed or shaded text with page breaks
\OuterFrameSep=\skip65
\fb@frw=\dimen111
\fb@frh=\dimen112
\FrameRule=\dimen113
\FrameSep=\dimen114
)
(/usr/share/texlive/texmf-dist/tex/latex/url/url.sty
\Urlmuskip=\muskip10
Package: url 2013/09/16  ver 3.4  Verb mode for urls, etc.
)
(/usr/share/texlive/texmf-dist/tex/latex/graphics/graphicx.sty
Package: graphicx 2017/06/01 v1.1a Enhanced LaTeX Graphics (DPC,SPQR)

(/usr/share/texlive/texmf-dist/tex/latex/graphics/graphics.sty
Package: graphics 2017/06/25 v1.2c Standard LaTeX Graphics (DPC,SPQR)

(/usr/share/texlive/texmf-dist/tex/latex/graphics/trig.sty
Package: trig 2016/01/03 v1.10 sin cos tan (DPC)
)
(/usr/share/texlive/texmf-dist/tex/latex/graphics-cfg/graphics.cfg
File: graphics.cfg 2016/06/04 v1.11 sample graphics configuration
)
Package graphics Info: Driver file: pdftex.def on input line 99.

(/usr/share/texlive/texmf-dist/tex/latex/graphics-def/pdftex.def
File: pdftex.def 2017/06/24 v1.0g Graphics/color driver for pdftex
))
\Gin@req@height=\dimen115
\Gin@req@width=\dimen116
)
(/usr/share/texlive/texmf-dist/tex/latex/graphics/color.sty
Package: color 2016/07/10 v1.1e Standard LaTeX Color (DPC)

(/usr/share/texlive/texmf-dist/tex/latex/graphics-cfg/color.cfg
File: color.cfg 2016/01/02 v1.6 sample color configuration
)
Package color Info: Driver file: pdftex.def on input line 147.
)
(/usr/share/texlive/texmf-dist/tex/latex/float/float.sty
Package: float 2001/11/08 v1.3d Float enhancements (AL)
\c@float@type=\count99
\float@exts=\toks24
\float@box=\box35
\@float@everytoks=\toks25
\@floatcapt=\box36
)
(/usr/share/texlive/texmf-dist/tex/latex/svg/svg.sty
Package: svg 2017/05/23 v2.00b (include SVG pictures)

(/usr/share/texlive/texmf-dist/tex/generic/ifxetex/ifxetex.sty
Package: ifxetex 2010/09/12 v0.6 Provides ifxetex conditional
)
(/usr/share/texlive/texmf-dist/tex/generic/oberdiek/ifluatex.sty
Package: ifluatex 2016/05/16 v1.4 Provides the ifluatex switch (HO)
Package ifluatex Info: LuaTeX not detected.
)
(/usr/share/texlive/texmf-dist/tex/generic/oberdiek/ifpdf.sty
Package: ifpdf 2017/03/15 v3.2 Provides the ifpdf switch
)
(/usr/share/texlive/texmf-dist/tex/generic/oberdiek/pdftexcmds.sty
Package: pdftexcmds 2017/03/19 v0.25 Utility functions of pdfTeX for LuaTeX (HO
)

(/usr/share/texlive/texmf-dist/tex/generic/oberdiek/infwarerr.sty
Package: infwarerr 2016/05/16 v1.4 Providing info/warning/error messages (HO)
)
(/usr/share/texlive/texmf-dist/tex/generic/oberdiek/ltxcmds.sty
Package: ltxcmds 2016/05/16 v1.23 LaTeX kernel commands for general use (HO)
)
Package pdftexcmds Info: LuaTeX not detected.
Package pdftexcmds Info: \pdf@primitive is available.
Package pdftexcmds Info: \pdf@ifprimitive is available.
Package pdftexcmds Info: \pdfdraftmode found.
)
(/usr/share/texlive/texmf-dist/tex/latex/tools/shellesc.sty
Package: shellesc 2016/06/07 v0.02a unified shell escape interface for LaTeX
Package shellesc Info: Restricted shell escape enabled on input line 69.
)
\c@svg@param@lastpage=\count100
\c@svg@param@currpage=\count101
)
(/usr/share/texlive/texmf-dist/tex/latex/xcolor/xcolor.sty
Package: xcolor 2016/05/11 v2.12 LaTeX color extensions (UK)

(/usr/share/texlive/texmf-dist/tex/latex/graphics-cfg/color.cfg
File: color.cfg 2016/01/02 v1.6 sample color configuration
)
Package xcolor Info: Driver file: pdftex.def on input line 225.
LaTeX Info: Redefining \color on input line 709.
Package xcolor Info: Model `cmy' substituted by `cmy0' on input line 1348.
Package xcolor Info: Model `hsb' substituted by `rgb' on input line 1352.
Package xcolor Info: Model `RGB' extended on input line 1364.
Package xcolor Info: Model `HTML' substituted by `rgb' on input line 1366.
Package xcolor Info: Model `Hsb' substituted by `hsb' on input line 1367.
Package xcolor Info: Model `tHsb' substituted by `hsb' on input line 1368.
Package xcolor Info: Model `HSB' substituted by `hsb' on input line 1369.
Package xcolor Info: Model `Gray' substituted by `gray' on input line 1370.
Package xcolor Info: Model `wave' substituted by `hsb' on input line 1371.
)
(/usr/share/texlive/texmf-dist/tex/latex/oberdiek/transparent.sty
Package: transparent 2016/05/16 v1.1 Transparency via pdfTeX's color stack (HO)


(/usr/share/texlive/texmf-dist/tex/latex/oberdiek/auxhook.sty
Package: auxhook 2016/05/16 v1.4 Hooks for auxiliary files (HO)
))
(/usr/share/texlive/texmf-dist/tex/latex/amsmath/amsmath.sty
Package: amsmath 2016/11/05 v2.16a AMS math features
\@mathmargin=\skip66

For additional information on amsmath, use the `?' option.
(/usr/share/texlive/texmf-dist/tex/latex/amsmath/amstext.sty
Package: amstext 2000/06/29 v2.01 AMS text

(/usr/share/texlive/texmf-dist/tex/latex/amsmath/amsgen.sty
File: amsgen.sty 1999/11/30 v2.0 generic functions
\@emptytoks=\toks26
\ex@=\dimen117
))
(/usr/share/texlive/texmf-dist/tex/latex/amsmath/amsbsy.sty
Package: amsbsy 1999/11/29 v1.2d Bold Symbols
\pmbraise@=\dimen118
)
(/usr/share/texlive/texmf-dist/tex/latex/amsmath/amsopn.sty
Package: amsopn 2016/03/08 v2.02 operator names
)
\inf@bad=\count102
LaTeX Info: Redefining \frac on input line 213.
\uproot@=\count103
\leftroot@=\count104
LaTeX Info: Redefining \overline on input line 375.
\classnum@=\count105
\DOTSCASE@=\count106
LaTeX Info: Redefining \ldots on input line 472.
LaTeX Info: Redefining \dots on input line 475.
LaTeX Info: Redefining \cdots on input line 596.
\Mathstrutbox@=\box37
\strutbox@=\box38
\big@size=\dimen119
LaTeX Font Info:    Redeclaring font encoding OML on input line 712.
LaTeX Font Info:    Redeclaring font encoding OMS on input line 713.
\macc@depth=\count107
\c@MaxMatrixCols=\count108
\dotsspace@=\muskip11
\c@parentequation=\count109
\dspbrk@lvl=\count110
\tag@help=\toks27
\row@=\count111
\column@=\count112
\maxfields@=\count113
\andhelp@=\toks28
\eqnshift@=\dimen120
\alignsep@=\dimen121
\tagshift@=\dimen122
\tagwidth@=\dimen123
\totwidth@=\dimen124
\lineht@=\dimen125
\@envbody=\toks29
\multlinegap=\skip67
\multlinetaggap=\skip68
\mathdisplay@stack=\toks30
LaTeX Info: Redefining \[ on input line 2817.
LaTeX Info: Redefining \] on input line 2818.
)
(/usr/share/texlive/texmf-dist/tex/latex/makecell/makecell.sty
Package: makecell 2009/08/03 V0.1e Managing of Tab Column Heads and Cells
\rotheadsize=\dimen126
\c@nlinenum=\count114
\TeXr@lab=\toks31
)

! LaTeX Error: File `fourier.sty' not found.

Type X to quit or <RETURN> to proceed,
or enter new name. (Default extension: sty)

Enter file name: 
(/usr/share/texlive/texmf-dist/tex/latex/pdfpages/pdfpages.sty
Package: pdfpages 2017/08/14 v0.5k Insert pages of external PDF documents (AM)

(/usr/share/texlive/texmf-dist/tex/latex/base/ifthen.sty
Package: ifthen 2014/09/29 v1.1c Standard LaTeX ifthen package (DPC)
)
(/usr/share/texlive/texmf-dist/tex/latex/eso-pic/eso-pic.sty
Package: eso-pic 2015/07/21 v2.0g eso-pic (RN)

(/usr/share/texlive/texmf-dist/tex/generic/oberdiek/atbegshi.sty
Package: atbegshi 2016/06/09 v1.18 At begin shipout hook (HO)
))
\AM@pagewidth=\dimen127
\AM@pageheight=\dimen128

(/usr/share/texlive/texmf-dist/tex/latex/pdfpages/pppdftex.def
File: pppdftex.def 2017/08/14 v0.5k Pdfpages driver for pdfTeX (AM)
)
\AM@pagebox=\box39
\AM@global@opts=\toks32
\AM@toc@title=\toks33
\c@AM@survey=\count115
\AM@templatesizebox=\box40
)
(/usr/share/texlive/texmf-dist/tex/generic/babel/babel.sty
Package: babel 2017/06/29 3.12 The Babel package

(/usr/share/texlive/texmf-dist/tex/generic/babel/switch.def
File: switch.def 2017/06/29 3.12 Babel switching mechanism
)

! Package babel Error: Unknown option `czech'. Either you misspelled it
(babel)                or the language definition file czech.ldf was not found.


See the babel package documentation for explanation.
Type  H <return>  for immediate help.
 ...                                              
                                                  
l.389 \ProcessOptions*
                      
? 

! Package babel Error: You haven't specified a language option.

See the babel package documentation for explanation.
Type  H <return>  for immediate help.
 ...                                              
                                                  
l.422 ...ry to proceed from here, type x to quit.}
                                                  
? 
) (/usr/share/texlive/texmf-dist/tex/latex/hyperref/hyperref.sty
Package: hyperref 2017/03/14 v6.85a Hypertext links for LaTeX

(/usr/share/texlive/texmf-dist/tex/generic/oberdiek/hobsub-hyperref.sty
Package: hobsub-hyperref 2016/05/16 v1.14 Bundle oberdiek, subset hyperref (HO)


(/usr/share/texlive/texmf-dist/tex/generic/oberdiek/hobsub-generic.sty
Package: hobsub-generic 2016/05/16 v1.14 Bundle oberdiek, subset generic (HO)
Package: hobsub 2016/05/16 v1.14 Construct package bundles (HO)
Package hobsub Info: Skipping package `infwarerr' (already loaded).
Package hobsub Info: Skipping package `ltxcmds' (already loaded).
Package hobsub Info: Skipping package `ifluatex' (already loaded).
Package: ifvtex 2016/05/16 v1.6 Detect VTeX and its facilities (HO)
Package ifvtex Info: VTeX not detected.
Package: intcalc 2016/05/16 v1.2 Expandable calculations with integers (HO)
Package hobsub Info: Skipping package `ifpdf' (already loaded).
Package: etexcmds 2016/05/16 v1.6 Avoid name clashes with e-TeX commands (HO)
Package etexcmds Info: Could not find \expanded.
(etexcmds)             That can mean that you are not using pdfTeX 1.50 or
(etexcmds)             that some package has redefined \expanded.
(etexcmds)             In the latter case, load this package earlier.
Package: kvsetkeys 2016/05/16 v1.17 Key value parser (HO)
Package: kvdefinekeys 2016/05/16 v1.4 Define keys (HO)
Package hobsub Info: Skipping package `pdftexcmds' (already loaded).
Package: pdfescape 2016/05/16 v1.14 Implements pdfTeX's escape features (HO)
Package: bigintcalc 2016/05/16 v1.4 Expandable calculations on big integers (HO
)
Package: bitset 2016/05/16 v1.2 Handle bit-vector datatype (HO)
Package: uniquecounter 2016/05/16 v1.3 Provide unlimited unique counter (HO)
)
Package hobsub Info: Skipping package `hobsub' (already loaded).
Package: letltxmacro 2016/05/16 v1.5 Let assignment for LaTeX macros (HO)
Package: hopatch 2016/05/16 v1.3 Wrapper for package hooks (HO)
Package: xcolor-patch 2016/05/16 xcolor patch
Package: atveryend 2016/05/16 v1.9 Hooks at the very end of document (HO)
Package atveryend Info: \enddocument detected (standard20110627).
Package hobsub Info: Skipping package `atbegshi' (already loaded).
Package: refcount 2016/05/16 v3.5 Data extraction from label references (HO)
Package: hycolor 2016/05/16 v1.8 Color options for hyperref/bookmark (HO)
)
(/usr/share/texlive/texmf-dist/tex/latex/oberdiek/kvoptions.sty
Package: kvoptions 2016/05/16 v3.12 Key value format for package options (HO)
)
\@linkdim=\dimen129
\Hy@linkcounter=\count116
\Hy@pagecounter=\count117

(/usr/share/texlive/texmf-dist/tex/latex/hyperref/pd1enc.def
File: pd1enc.def 2017/03/14 v6.85a Hyperref: PDFDocEncoding definition (HO)
Now handling font encoding PD1 ...
... no UTF-8 mapping file for font encoding PD1
)
\Hy@SavedSpaceFactor=\count118

(/usr/share/texlive/texmf-dist/tex/latex/latexconfig/hyperref.cfg
File: hyperref.cfg 2002/06/06 v1.2 hyperref configuration of TeXLive
)
Package hyperref Info: Hyper figures OFF on input line 4498.
Package hyperref Info: Link nesting OFF on input line 4503.
Package hyperref Info: Hyper index ON on input line 4506.
Package hyperref Info: Plain pages OFF on input line 4513.
Package hyperref Info: Backreferencing OFF on input line 4518.
Package hyperref Info: Implicit mode ON; LaTeX internals redefined.
Package hyperref Info: Bookmarks ON on input line 4751.
\c@Hy@tempcnt=\count119
LaTeX Info: Redefining \url on input line 5104.
\XeTeXLinkMargin=\dimen130
\Fld@menulength=\count120
\Field@Width=\dimen131
\Fld@charsize=\dimen132
Package hyperref Info: Hyper figures OFF on input line 6358.
Package hyperref Info: Link nesting OFF on input line 6363.
Package hyperref Info: Hyper index ON on input line 6366.
Package hyperref Info: backreferencing OFF on input line 6373.
Package hyperref Info: Link coloring OFF on input line 6378.
Package hyperref Info: Link coloring with OCG OFF on input line 6383.
Package hyperref Info: PDF/A mode OFF on input line 6388.
LaTeX Info: Redefining \ref on input line 6428.
LaTeX Info: Redefining \pageref on input line 6432.
\Hy@abspage=\count121
\c@Item=\count122
\c@Hfootnote=\count123
)

Package hyperref Message: Driver (autodetected): hpdftex.

(/usr/share/texlive/texmf-dist/tex/latex/hyperref/hpdftex.def
File: hpdftex.def 2017/03/14 v6.85a Hyperref driver for pdfTeX
\Fld@listcount=\count124
\c@bookmark@seq@number=\count125

(/usr/share/texlive/texmf-dist/tex/latex/oberdiek/rerunfilecheck.sty
Package: rerunfilecheck 2016/05/16 v1.8 Rerun checks for auxiliary files (HO)
Package uniquecounter Info: New unique counter `rerunfilecheck' on input line 2
82.
)
\Hy@SectionHShift=\skip69
)
(/usr/share/texlive/texmf-dist/tex/latex/natbib/natbib.sty
Package: natbib 2010/09/13 8.31b (PWD, AO)
\bibhang=\skip70
\bibsep=\skip71
LaTeX Info: Redefining \cite on input line 694.
\c@NAT@ctr=\count126
)
(/usr/share/texlive/texmf-dist/tex/latex/hypernat/hypernat.sty
Package: hypernat 2001/07/09 v1.0b hyperref and natbib compatibility (jb)
)
(/usr/share/texlive/texmf-dist/tex/latex/tools/multicol.sty
Package: multicol 2017/04/11 v1.8q multicolumn formatting (FMi)
\c@tracingmulticols=\count127
\mult@box=\box41
\multicol@leftmargin=\dimen133
\c@unbalance=\count128
\c@collectmore=\count129
\doublecol@number=\count130
\multicoltolerance=\count131
\multicolpretolerance=\count132
\full@width=\dimen134
\page@free=\dimen135
\premulticols=\dimen136
\postmulticols=\dimen137
\multicolsep=\skip72
\multicolbaselineskip=\skip73
\partial@page=\box42
\last@line=\box43
\maxbalancingoverflow=\dimen138
\mult@rightbox=\box44
\mult@grightbox=\box45
\mult@gfirstbox=\box46
\mult@firstbox=\box47
\@tempa=\box48
\@tempa=\box49
\@tempa=\box50
\@tempa=\box51
\@tempa=\box52
\@tempa=\box53
\@tempa=\box54
\@tempa=\box55
\@tempa=\box56
\@tempa=\box57
\@tempa=\box58
\@tempa=\box59
\@tempa=\box60
\@tempa=\box61
\@tempa=\box62
\@tempa=\box63
\@tempa=\box64
\c@columnbadness=\count133
\c@finalcolumnbadness=\count134
\last@try=\dimen139
\multicolovershoot=\dimen140
\multicolundershoot=\dimen141
\mult@nat@firstbox=\box65
\colbreak@box=\box66
\mc@col@check@num=\count135
)
(./packages/bc-palatino.sty
(/usr/share/texlive/texmf-dist/tex/latex/psnfss/mathpazo.sty
Package: mathpazo 2005/04/12 PSNFSS-v9.2a Palatino w/ Pazo Math (D.Puga, WaS) 
\symupright=\mathgroup4
)
(/usr/share/texmf/tex/latex/tex-gyre/tgpagella.sty
Package: tgpagella 2009/09/27 v1.2 TeX Gyre Pagella as default roman family
)
(/usr/share/texlive/texmf-dist/tex/latex/cmap/cmap.sty
Package: cmap 2008/03/06 v1.0h CMap support: searchable PDF


Package cmap Warning: fontenc already loaded - some fonts may be unprocessed.

)) (./packages/bc-fancyhdr.sty

Class scrreprt Warning: Usage of package `fancyhdr' together
(scrreprt)              with a KOMA-Script class is not recommended.
(scrreprt)              I'd suggest to use 
(scrreprt)              package `scrlayer-scrpage'.
(scrreprt)              Nevertheless, using requested
(scrreprt)              package `fancyhdr' on input line 3.

(/usr/share/texlive/texmf-dist/tex/latex/fancyhdr/fancyhdr.sty
Package: fancyhdr 2017/06/30 v3.9a Extensive control of page headers and footer
s
\f@nch@headwidth=\skip74
\f@nch@O@elh=\skip75
\f@nch@O@erh=\skip76
\f@nch@O@olh=\skip77
\f@nch@O@orh=\skip78
\f@nch@O@elf=\skip79
\f@nch@O@erf=\skip80
\f@nch@O@olf=\skip81
\f@nch@O@orf=\skip82
)

Package Fancyhdr Warning: \fancyhead's `E' option without twoside option is use
less on input line 7.

) (/usr/share/texlive/texmf-dist/tex/latex/listings/listings.sty
\lst@mode=\count136
\lst@gtempboxa=\box67
\lst@token=\toks34
\lst@length=\count137
\lst@currlwidth=\dimen142
\lst@column=\count138
\lst@pos=\count139
\lst@lostspace=\dimen143
\lst@width=\dimen144
\lst@newlines=\count140
\lst@lineno=\count141
\lst@maxwidth=\dimen145

(/usr/share/texlive/texmf-dist/tex/latex/listings/lstmisc.sty
File: lstmisc.sty 2015/06/04 1.6 (Carsten Heinz)
\c@lstnumber=\count142
\lst@skipnumbers=\count143
\lst@framebox=\box68
)
(/usr/share/texlive/texmf-dist/tex/latex/listings/listings.cfg
File: listings.cfg 2015/06/04 1.6 listings configuration
))
Package: listings 2015/06/04 1.6 (Carsten Heinz)

(/usr/share/texlive/texmf-dist/tex/latex/placeins/placeins.sty
Package: placeins 2005/04/18  v 2.2
)
(/usr/share/texlive/texmf-dist/tex/latex/multirow/multirow.sty
Package: multirow 2016/11/25 v2.2 Span multiple rows of a table
\multirow@colwidth=\skip83
\multirow@cntb=\count144
\multirow@dima=\skip84
\bigstrutjot=\dimen146
)
(/usr/share/texlive/texmf-dist/tex/latex/caption/caption.sty
Package: caption 2016/02/21 v3.3-144 Customizing captions (AR)

(/usr/share/texlive/texmf-dist/tex/latex/caption/caption3.sty
Package: caption3 2016/05/22 v1.7-166 caption3 kernel (AR)
Package caption3 Info: TeX engine: e-TeX on input line 67.
\captionmargin=\dimen147
\captionmargin@=\dimen148
\captionwidth=\dimen149
\caption@tempdima=\dimen150
\caption@indent=\dimen151
\caption@parindent=\dimen152
\caption@hangindent=\dimen153
)
Package caption Info: KOMA-Script document class.
\c@ContinuedFloat=\count145
Package caption Info: float package is loaded.
Package caption Info: hyperref package is loaded.
Package caption Info: listings package is loaded.
Package caption Info: longtable package is loaded.

(/usr/share/texlive/texmf-dist/tex/latex/caption/ltcaption.sty
Package: ltcaption 2013/06/09 v1.4-94 longtable captions (AR)
)
Package caption Info: wrapfig package is loaded.
) (./test.aux
(./tex/chapter0.aux) (./tex/chapter01.aux) (./tex/chapter02.aux)
(./tex/chapter04.aux) (./tex/chapter05.aux) (./tex/chapter06.aux)
(./tex/chapter07.aux) (./tex/chapter08.aux) (./tex/chapter09.aux)
(./tex/chapter10.aux) (./tex/_bib.aux) (./tex/_prilohy.aux))
\openout1 = `test.aux'.

LaTeX Font Info:    Checking defaults for OML/cmm/m/it on input line 199.
LaTeX Font Info:    ... okay on input line 199.
LaTeX Font Info:    Checking defaults for T1/cmr/m/n on input line 199.
LaTeX Font Info:    ... okay on input line 199.
LaTeX Font Info:    Checking defaults for OT1/cmr/m/n on input line 199.
LaTeX Font Info:    ... okay on input line 199.
LaTeX Font Info:    Checking defaults for OMS/cmsy/m/n on input line 199.
LaTeX Font Info:    ... okay on input line 199.
LaTeX Font Info:    Checking defaults for OMX/cmex/m/n on input line 199.
LaTeX Font Info:    ... okay on input line 199.
LaTeX Font Info:    Checking defaults for U/cmr/m/n on input line 199.
LaTeX Font Info:    ... okay on input line 199.
LaTeX Font Info:    Checking defaults for PD1/pdf/m/n on input line 199.
LaTeX Font Info:    ... okay on input line 199.
LaTeX Font Info:    Try loading font information for T1+qpl on input line 199.

(/usr/share/texmf/tex/latex/tex-gyre/t1qpl.fd
File: t1qpl.fd 2009/09/25 v1.2 font definition file for T1/qpl
)<<t1.cmap>>
(/usr/share/texlive/texmf-dist/tex/context/base/mkii/supp-pdf.mkii
[Loading MPS to PDF converter (version 2006.09.02).]
\scratchcounter=\count146
\scratchdimen=\dimen154
\scratchbox=\box69
\nofMPsegments=\count147
\nofMParguments=\count148
\everyMPshowfont=\toks35
\MPscratchCnt=\count149
\MPscratchDim=\dimen155
\MPnumerator=\count150
\makeMPintoPDFobject=\count151
\everyMPtoPDFconversion=\toks36
) (/usr/share/texlive/texmf-dist/tex/latex/oberdiek/epstopdf-base.sty
Package: epstopdf-base 2016/05/15 v2.6 Base part for package epstopdf

(/usr/share/texlive/texmf-dist/tex/latex/oberdiek/grfext.sty
Package: grfext 2016/05/16 v1.2 Manage graphics extensions (HO)
)
Package epstopdf-base Info: Redefining graphics rule for `.eps' on input line 4
38.
Package grfext Info: Graphics extension search list:
(grfext)             [.pdf,.png,.jpg,.mps,.jpeg,.jbig2,.jb2,.PDF,.PNG,.JPG,.JPE
G,.JBIG2,.JB2,.eps]
(grfext)             \AppendGraphicsExtensions on input line 456.

(/usr/share/texlive/texmf-dist/tex/latex/latexconfig/epstopdf-sys.cfg
File: epstopdf-sys.cfg 2010/07/13 v1.3 Configuration of (r)epstopdf for TeX Liv
e
))
\AtBeginShipoutBox=\box70

(/usr/share/texlive/texmf-dist/tex/latex/oberdiek/pdflscape.sty
Package: pdflscape 2016/05/14 v0.11 Display of landscape pages in PDF (HO)

(/usr/share/texlive/texmf-dist/tex/latex/graphics/lscape.sty
Package: lscape 2000/10/22 v3.01 Landscape Pages (DPC)
)
Package pdflscape Info: Auto-detected driver: pdftex on input line 81.
)
Package hyperref Info: Link coloring OFF on input line 199.

(/usr/share/texlive/texmf-dist/tex/latex/hyperref/nameref.sty
Package: nameref 2016/05/21 v2.44 Cross-referencing by name of section

(/usr/share/texlive/texmf-dist/tex/generic/oberdiek/gettitlestring.sty
Package: gettitlestring 2016/05/16 v1.5 Cleanup title references (HO)
)
\c@section@level=\count152
LaTeX Info: Redefining \Ref on input line 515.
)
LaTeX Info: Redefining \ref on input line 199.
LaTeX Info: Redefining \pageref on input line 199.
LaTeX Info: Redefining \nameref on input line 199.

(./test.out) (./test.out)
\@outlinefile=\write4
\openout4 = `test.out'.

LaTeX Info: Redefining \Ref on input line 199.
\c@lstlisting=\count153
Package caption Info: Begin \AtBeginDocument code.
Package caption Info: End \AtBeginDocument code.
LaTeX Font Info:    Try loading font information for T1+qhv on input line 204.
 (/usr/share/texmf/tex/latex/tex-gyre/t1qhv.fd
File: t1qhv.fd 2009/09/25 v1.2 font definition file for T1/qhv
)
[1



{/var/lib/texmf/fonts/map/pdftex/updmap/pdftex.map}]
Underfull \hbox (badness 10000) in paragraph at lines 253--255

 []

[2

] [3

] [4

] (./test.toc
LaTeX Font Info:    Try loading font information for OT1+ppl on input line 3.

(/usr/share/texlive/texmf-dist/tex/latex/psnfss/ot1ppl.fd
File: ot1ppl.fd 2001/06/04 font definitions for OT1/ppl.
)<<ot1.cmap>>
LaTeX Font Info:    Try loading font information for OML+zplm on input line 3.

(/usr/share/texlive/texmf-dist/tex/latex/psnfss/omlzplm.fd
File: omlzplm.fd 2002/09/08 Fontinst v1.914 font definitions for OML/zplm.
)<<oml.cmap>>
LaTeX Font Info:    Try loading font information for OMS+zplm on input line 3.

(/usr/share/texlive/texmf-dist/tex/latex/psnfss/omszplm.fd
File: omszplm.fd 2002/09/08 Fontinst v1.914 font definitions for OMS/zplm.
)<<oms.cmap>>
LaTeX Font Info:    Try loading font information for OMX+zplm on input line 3.

(/usr/share/texlive/texmf-dist/tex/latex/psnfss/omxzplm.fd
File: omxzplm.fd 2002/09/08 Fontinst v1.914 font definitions for OMX/zplm.
)<<omx.cmap>>
LaTeX Font Info:    Try loading font information for OT1+zplm on input line 3.

(/usr/share/texlive/texmf-dist/tex/latex/psnfss/ot1zplm.fd
File: ot1zplm.fd 2002/09/08 Fontinst v1.914 font definitions for OT1/zplm.
))
\tf@toc=\write5
\openout5 = `test.toc'.

 [5




]
\openout2 = `tex/chapter0.aux'.


(./tex/chapter0.tex
chapter 1.

Class scrreprt Warning: \float@addtolists detected!
(scrreprt)              Implementation of \float@addtolist became
(scrreprt)              deprecated in KOMA-Script v3.01 2008/11/14 and
(scrreprt)              has been replaced by several more flexible
(scrreprt)              features of package `tocbasic`.
(scrreprt)              Since Version 3.12 support for deprecated
(scrreprt)              \float@addtolist interface has been
(scrreprt)              restricted to only some of the KOMA-Script
(scrreprt)              features and been removed from others.
(scrreprt)              Loading of package `scrhack' may help to
(scrreprt)              avoid this warning, if you are using a
(scrreprt)              a package that still implements the
(scrreprt)              deprecated \float@addtolist interface .


Underfull \hbox (badness 1092) in paragraph at lines 4--5
\T1/qpl/m/n/10.95 oproti kla-sick-Èmu p∞Ìs-tupu. PrvnÌ gen-er-ace sys-tÈm∑, kte
rÈ b•∫eli v cloudovÈm
 []


Overfull \hbox (0.31729pt too wide) in paragraph at lines 8--9
\T1/qpl/m/n/10.95 vy∫adujÌ vysokou dos-tup-nost a ≤k·lo-vatel-nost. VysokÈ dos-
tup-nosti m∑∫e b˝t dosa∫eno
 []


Overfull \hbox (2.73343pt too wide) in paragraph at lines 8--9
\T1/qpl/m/n/10.95 z·-jem jed-notn• spravo-vat zdroje a vyu∫Ì-vat slu∫by nap∞Ì£ 
vÌce posky-to-vateli cloudov˝ch
 []


Overfull \hbox (3.87892pt too wide) in paragraph at lines 10--11
[]\T1/qpl/m/n/10.95 CÌlem tÈto diplo-movÈ pr·ce je an-a-ly-zo-vat a navrhnout p
lat-formu, kter· bude umo∫¨o-
 []

[1





])

LaTeX Font Warning: Font shape `T1/qpl/m/sl' in size <10.95> not available
(Font)              Font shape `T1/qpl/m/it' tried instead on input line 293.

[2]
\openout2 = `tex/chapter01.aux'.

 (./tex/chapter01.tex
chapter 2.

Underfull \hbox (badness 1596) in paragraph at lines 3--3
\T1/qpl/m/n/10.95 tento p∞Ìk-lad p∞e-neseme do oblasti IT, zna-men· to, ∫e u∫i-
vatelÈ jsou odstÌn•nÌ
 []


Overfull \hbox (0.99908pt too wide) in paragraph at lines 3--3
\T1/qpl/m/n/10.95 prob-lÈmy jako jsou ulo∫enÌ a z·loha t•chto dat, we-bovÈ rozh
ranÌ pro pr·ci s fo-tografiemi
 []

[3




]
Overfull \hbox (3.14223pt too wide) in paragraph at lines 9--9
\T1/qpl/m/n/10.95 scÈn·∞e. Nap∞Ìk-lad vytvo∞enÌ dal≤Ìch we-bov˝ch server∑ pro r
o-zlo∫enÌ z·t•∫e a odbavenÌ
 []

[4]

Package hyperref Warning: Composite letter `\textasciicaron+e'
(hyperref)                not defined in PD1 encoding,
(hyperref)                removing `\textasciicaron' on input line 13.


Overfull \hbox (0.69229pt too wide) in paragraph at lines 15--15
\T1/qpl/m/n/10.95 pro svoje z·kaznÌky. Tato spole£nost vyu∫Ìv· AWS (Ama-zon web
 ser-vices) cloud. Ama-
 []


LaTeX Font Warning: Font shape `T1/qpl/m/sl' in size <10> not available
(Font)              Font shape `T1/qpl/m/it' tried instead on input line 17.

[5]
! Extra alignment tab has been changed to \cr.
<recently read> \endtemplate 
                             
l.26 	       & ≈†v√Ωcarsko &            &       &
                                                 
? 
) [6]
\openout2 = `tex/chapter02.aux'.

 (./tex/chapter02.tex
chapter 3.
[7




] [8]
Overfull \hbox (0.16756pt too wide) in paragraph at lines 13--13
\T1/qpl/m/n/10.95 funkcional-ity. Mono-l-i-tick· ap-likace je zase tvo∞ena jako
 je-den velk˝ celek. Pro nastÌn•nÌ
 []


Underfull \hbox (badness 1454) in paragraph at lines 13--13
\T1/qpl/m/n/10.95 po-jmu mono-l-i-tick· ap-likace m∑∫eme nap∞Ìk-lad vyu∫Ìt £l·n
ek od pra-cov-nÌk∑ ze
 []

[9]
Overfull \hbox (1.3137pt too wide) in paragraph at lines 18--18
\T1/qpl/m/n/10.95 tech-nologiÌ. Vnit∞nÌ prov·zanost mono-l-i-tickÈ ap-likace ve
lice zt•∫uje pou∫itÌ jin˝ch tech-
 []

[10]
Underfull \hbox (badness 1721) in paragraph at lines 23--23
[]\T1/qpl/m/n/10.95 Kontejnerovou vir-tu-al-izacÌ, zkr·-cen• pouze kon-te-jn-er
y, oz-na£u-jeme nen·ro£n˝
 []

<images/docker.png, id=276, 704.6325pt x 387.4475pt>
File: images/docker.png Graphic file (type png)
<use images/docker.png>
Package pdftex.def Info: images/docker.png  used on input line 30. on input lin
e 30.
Package pdftex.def Info: Requested size: 331.08792pt x 182.04713pt on input lin
e 30.
! Undefined control sequence.
<argument> ...bel {fig:container}, zdroj: \source 
                                                  {\cite {picture}}\relax }}...
l.32 ...ontainer}, zdroj: \source{\cite{picture}}}
                                                  
? 
! Undefined control sequence.
<argument> ...bel {fig:container}, zdroj: \source 
                                                  {\cite {picture}}
l.32 ...ontainer}, zdroj: \source{\cite{picture}}}
                                                  
? 
! Undefined control sequence.
<argument> ...bel {fig:container}, zdroj: \source 
                                                  {\cite {picture}}
l.32 ...ontainer}, zdroj: \source{\cite{picture}}}
                                                  
? 
[11]
<images/container-layers.jpg, id=291, 640.3925pt x 480.79625pt>
File: images/container-layers.jpg Graphic file (type jpg)
<use images/container-layers.jpg>
Package pdftex.def Info: images/container-layers.jpg  used on input line 43. on
 input line 43.
Package pdftex.def Info: Requested size: 331.08792pt x 248.57755pt on input lin
e 43.

! Undefined control sequence.
<argument> ...g:container-layers}, zdroj: \source 
                                                  {\cite {picture-docker-lay...
l.45 ...oj: \source{\cite{picture-docker-layers}}}
                                                  
? 
! Undefined control sequence.
<argument> ...g:container-layers}, zdroj: \source 
                                                  {\cite {picture-docker-lay...
l.45 ...oj: \source{\cite{picture-docker-layers}}}
                                                  
? 
! Undefined control sequence.
<argument> ...g:container-layers}, zdroj: \source 
                                                  {\cite {picture-docker-lay...
l.45 ...oj: \source{\cite{picture-docker-layers}}}
                                                  
? 
[12 <./images/docker.png>]
Package hyperref Info: bookmark level for unknown lstlisting defaults to 0 on i
nput line 52.
LaTeX Font Info:    Try loading font information for T1+qcr on input line 52.
 (/usr/share/texmf/tex/latex/tex-gyre/t1qcr.fd
File: t1qcr.fd 2009/09/25 v1.2 font definition file for T1/qcr
)
(/usr/share/texlive/texmf-dist/tex/latex/base/utf8.def
File: utf8.def 2017/01/28 v1.1t UTF-8 support for inputenc
) [13 <./images/container-layers.jpg>] [14]
LaTeX Font Info:    Try loading font information for OMS+qpl on input line 75.
LaTeX Font Info:    No file OMSqpl.fd. on input line 75.


LaTeX Font Warning: Font shape `OMS/qpl/m/n' undefined
(Font)              using `OMS/cmsy/m/n' instead
(Font)              for symbol `textbullet' on input line 75.

[15] [16] [17] (/usr/share/texlive/texmf-dist/tex/latex/base/utf8.def
File: utf8.def 2017/01/28 v1.1t UTF-8 support for inputenc
)
Overfull \hbox (4.85355pt too wide) in paragraph at lines 119--119
\T1/qpl/m/n/10.95 Ap-likace b•∫ÌcÌ na Mesosu vidÌ tuto ab-stra-ho-vanou vrstvu 
jako vysoce dos-tupn˝, odoln˝
 []


Underfull \hbox (badness 5652) in paragraph at lines 119--119
\T1/qpl/m/n/10.95 proti chy-b·m a dis-tribuo-van˝ op-er-a£nÌ sys-tÈm. Mesos je 
sys-tÈm, kter˝ je
 []

[18]
Underfull \hbox (badness 1430) in paragraph at lines 122--123
\T1/qpl/m/n/10.95 Modul d·le do-voluje p∞ipo-jenÌ per-sis-tent stor-age pro sta
vovÈ ap-likace jako jsou
 []

<images/mesos.png, id=392, 550.055pt x 414.54875pt>
File: images/mesos.png Graphic file (type png)
<use images/mesos.png>
Package pdftex.def Info: images/mesos.png  used on input line 127. on input lin
e 127.
Package pdftex.def Info: Requested size: 331.08792pt x 249.52817pt on input lin
e 127.
! Undefined control sequence.
<argument> ...ru\label {fig:mesos}, zdroj:\source 
                                                  {\cite {mesos-picture}}\re...
l.129 ...os}, zdroj:\source{\cite{mesos-picture}}}
                                                  
? 
! Undefined control sequence.
<argument> ...ru\label {fig:mesos}, zdroj:\source 
                                                  {\cite {mesos-picture}}
l.129 ...os}, zdroj:\source{\cite{mesos-picture}}}
                                                  
? 
! Undefined control sequence.
<argument> ...ru\label {fig:mesos}, zdroj:\source 
                                                  {\cite {mesos-picture}}
l.129 ...os}, zdroj:\source{\cite{mesos-picture}}}
                                                  
? 
[19 <./images/mesos.png>]
<images/k8s-architecture.png, id=404, 602.25pt x 496.85625pt>
File: images/k8s-architecture.png Graphic file (type png)
<use images/k8s-architecture.png>
Package pdftex.def Info: images/k8s-architecture.png  used on input line 140. o
n input line 140.
Package pdftex.def Info: Requested size: 409.72202pt x 338.03215pt on input lin
e 140.

! Undefined control sequence.
<argument> ...oru\label {fig:k8s}, zdroj: \soucre 
                                                  {\cite {k8s-architecture}}...
l.142 ... zdroj: \soucre{\cite{k8s-architecture}}}
                                                  
? 
! Undefined control sequence.
<argument> ...oru\label {fig:k8s}, zdroj: \soucre 
                                                  {\cite {k8s-architecture}}
l.142 ... zdroj: \soucre{\cite{k8s-architecture}}}
                                                  
? 
! Undefined control sequence.
<argument> ...oru\label {fig:k8s}, zdroj: \soucre 
                                                  {\cite {k8s-architecture}}
l.142 ... zdroj: \soucre{\cite{k8s-architecture}}}
                                                  
? 
[20] [21 <./images/k8s-architecture.png>] [22]
Overfull \hbox (2.62756pt too wide) in paragraph at lines 152--152
\T1/qpl/m/n/10.95 vyp-nutÌ se za-£ne vypÌ-nat mysql-1 a tak d·le. Ste-jn• jako 
majÌ pody state-fulsetu nem•nn˝
 []

) [23]
\openout2 = `tex/chapter04.aux'.

 (./tex/chapter04.tex
Overfull \hbox (6.1446pt too wide) in paragraph at lines 3--3
\T1/qpl/m/n/10.95 notliv· IoT za-∞ÌzenÌ v sob• nezahrnujÌ dostate£nÈ mech-a-nis
my, aby byly schopnÈ ochr·nit
 []

[24


]
! Misplaced alignment tab character &.
l.4 ...ezi inici√°tory tohoto projektu pat≈ô√≠ AT&
                                                  T a Intel. Projekt je vede...

? 

Overfull \hbox (1.34953pt too wide) in paragraph at lines 5--7
[]\T1/qpl/m/n/10.95 ZatÌmco pro-jekt Akraino je spÌ≤e v za-£·tcÌch, am-er-ick· 
sÌ¥ fast-food ob£er-stvenÌ Chick-
 []


Overfull \hbox (2.88672pt too wide) in paragraph at lines 5--7
\T1/qpl/m/n/10.95 Ka∫d· restau-race ob-sahuje t∞i malÈ servery na kter˝ch je na
sazen˝ ku-ber-netes or-chestr·-
 []


Overfull \hbox (2.48372pt too wide) in paragraph at lines 5--7
\T1/qpl/m/n/10.95 vyu∫Ìv· edge kv∑li nÌzkÈ la-tency, ap-likacÌm, kterÈ jsou nez
·vislÈ na in-ter-ne-tovÈm p∞ipo-
 []


Overfull \hbox (3.60889pt too wide) in paragraph at lines 5--7
\T1/qpl/m/n/10.95 plat-form•, kter· umo∫¨uje rychlÈ doru£ov·nÌ nov˝ch funkcÌ do
 pro-dukce. Chick restau-
 []

[25]) [26]
\openout2 = `tex/chapter05.aux'.

 (./tex/chapter05.tex
chapter 4.

Package hyperref Warning: Composite letter `\textasciicaron+r'
(hyperref)                not defined in PD1 encoding,
(hyperref)                removing `\textasciicaron' on input line 1.

[27




]
<images/edge.jpg, id=467, 883.3803pt x 321.1197pt>
File: images/edge.jpg Graphic file (type jpg)
<use images/edge.jpg>
Package pdftex.def Info: images/edge.jpg  used on input line 11. on input line 
11.
Package pdftex.def Info: Requested size: 331.08792pt x 120.35098pt on input lin
e 11.

! Undefined control sequence.
<argument> ...ra\label {fig:edge}, zdroj: \source 
                                                  {\cite {edge-picture}}\rel...
l.13 ...dge}, zdroj: \source{\cite{edge-picture}}}
                                                  
? 
! Undefined control sequence.
<argument> ...ra\label {fig:edge}, zdroj: \source 
                                                  {\cite {edge-picture}}
l.13 ...dge}, zdroj: \source{\cite{edge-picture}}}
                                                  
? 
! Undefined control sequence.
<argument> ...ra\label {fig:edge}, zdroj: \source 
                                                  {\cite {edge-picture}}
l.13 ...dge}, zdroj: \source{\cite{edge-picture}}}
                                                  
? 

Overfull \hbox (4.81403pt too wide) in paragraph at lines 17--18
[]\T1/qpl/m/n/10.95 êe≤enÌ pro spr·vu hy-brid cloud prost∞edÌ nabÌzÌ u∫i-vatel∑
m mo∫nost spravo-vat zdroje
 []


Underfull \hbox (badness 1571) in paragraph at lines 17--18
\T1/qpl/m/n/10.95 ickÈ a vir-tu·lnÌ servery, ulo∫i≤t• a sÌ¥ovÈ prvky, pro b•h a
p-likacÌ nap∞Ì£ zdroji
 []

[28 <./images/edge.jpg>]
Overfull \hbox (0.95071pt too wide) in paragraph at lines 23--23
\T1/qpl/m/n/10.95 Nap∞Ìk-lad vir-tu·lnÌ servery b•∫ÌcÌ ve VMware prost∞edÌ m∑∫e
me vytv·∞et, mazat, vypÌ-
 []


Overfull \hbox (2.96179pt too wide) in paragraph at lines 24--25
[]\T1/qpl/m/n/10.95 Dal≤Ì v•cÌ, kterou Man-age IQ nabÌzÌ jsou slu∫by. Slu∫by do
-volujÌ vytv·∞enÌ slo∫it•j≤Ìch
 []

[29]
Overfull \hbox (0.49887pt too wide) in paragraph at lines 27--27
\T1/qpl/m/n/10.95 ko-mu-nit-nÌm pro-jek-tem. Jedn· se o Paas ∞e≤enÌ, kterÈ je d
ob∞e nas-tavitelnÈ a roz≤i∞itelnÈ,
 []

[30]
Overfull \hbox (3.55418pt too wide) in paragraph at lines 33--33
\T1/qpl/m/n/10.95 Mist.io je open-source plat-forma, kter· zjednodu≤uje u∫i-vat
el∑m spr·vu cloudu. Mist.io
 []


Overfull \hbox (1.8503pt too wide) in paragraph at lines 33--33
\T1/qpl/m/n/10.95 posky-tuje jed-notnÈ rozhranÌ pro spr·vu cloudov˝ch ∞e≤enÌ r∑
zn˝ch spole£nostÌ. N·stroj
 []


Overfull \hbox (3.20451pt too wide) in paragraph at lines 33--33
\T1/qpl/m/n/10.95 m∑∫e b˝t Mist.io vyu∫ito i pro spr·vu multi-cloud in-fras-tru
k-tury a min-i-mal-i-zo-vat z·vis-
 []

[31]
Underfull \hbox (badness 3492) in paragraph at lines 34--35
\T1/qpl/m/n/10.95 spravov·ny. Ka∫d˝ posky-to-va-tel vy∫aduje rozdÌl-nou kon-fig
-u-raci pro spr·vnÈ
 []


Overfull \hbox (1.96696pt too wide) in paragraph at lines 37--37
\T1/qpl/m/n/10.95 N•kterÈ n·stroje na spr·vu multi cloud prost∞edÌ im-ple-men-t
ujÌ vlastnÌ ∞e≤enÌ jak spravo-
 []


Overfull \hbox (5.10155pt too wide) in paragraph at lines 37--37
\T1/qpl/m/n/10.95 spole£nostÌ a p∞id·v· dal≤Ì mo∫nosti vyu∫itÌ. V porovn·nÌ s j
ed-nÌm clus-terem je nasazenÌ
 []

[32]
Overfull \hbox (0.1704pt too wide) in paragraph at lines 38--38
[]\T1/qpl/m/n/10.95 P∑vodnÌ my≤lenka s fed-er-acÌ speci-fickÈ API ar-chitek-tur
y se d·le rozv-in-ula a v sou£as-
 []

[33]
<images/k8s-federated.png, id=514, 963.6pt x 722.7pt>
File: images/k8s-federated.png Graphic file (type png)
<use images/k8s-federated.png>
Package pdftex.def Info: images/k8s-federated.png  used on input line 44. on in
put line 44.
Package pdftex.def Info: Requested size: 331.08792pt x 248.3062pt on input line
 44.

! Undefined control sequence.
<argument> ...{fig:k8s-federated}, zdroj: \source 
                                                  {\cite {federace-picture}}...
l.46 ..., zdroj: \source{\cite{federace-picture}}}
                                                  
? 
! Undefined control sequence.
<argument> ...{fig:k8s-federated}, zdroj: \source 
                                                  {\cite {federace-picture}}
l.46 ..., zdroj: \source{\cite{federace-picture}}}
                                                  
? 
! Undefined control sequence.
<argument> ...{fig:k8s-federated}, zdroj: \source 
                                                  {\cite {federace-picture}}
l.46 ..., zdroj: \source{\cite{federace-picture}}}
                                                  
? 

Overfull \hbox (1.26888pt too wide) in paragraph at lines 51--51
\T1/qpl/m/n/10.95 prost∞edÌ. V p∞Ì-pad• chyby m∑∫e b˝t nov· verze sta∫ena z pro
-dukce a mÌsto nÌ nasazena
 []

[34 <./images/k8s-federated.png>]
Underfull \hbox (badness 1112) in paragraph at lines 52--52
\T1/qpl/m/n/10.95 po-mocÌ spr·vy ap-likacÌ je mo∫nÈ spravo-vat a mon-i-torovat 
zdroje v jed-notliv˝ch
 []


Overfull \hbox (6.45645pt too wide) in paragraph at lines 52--52
\T1/qpl/m/n/10.95 mikroslu∫by a v p∞Ì-pad• poruchy p∞e-s-tat posÌlat po∫a-davky
 na po≤kozen˝ Server Group. 
 []


Overfull \hbox (0.74786pt too wide) in paragraph at lines 53--54
\T1/qpl/m/n/10.95 tin-u-ous de-liv-ery) ap-likace. HlavnÌ £·stÌ nasazenÌ ap-lik
ace je Pipeline. Pipeline se skl·d·
 []

) [35]
\openout2 = `tex/chapter06.aux'.

 (./tex/chapter06.tex
chapter 5.

Package hyperref Warning: Composite letter `\textasciicaron+e'
(hyperref)                not defined in PD1 encoding,
(hyperref)                removing `\textasciicaron' on input line 1.


Package hyperref Warning: Composite letter `\textring+u'
(hyperref)                not defined in PD1 encoding,
(hyperref)                removing `\textring' on input line 2.


Package hyperref Warning: Composite letter `\textasciicaron+e'
(hyperref)                not defined in PD1 encoding,
(hyperref)                removing `\textasciicaron' on input line 2.


Overfull \hbox (0.98515pt too wide) in paragraph at lines 3--5
\T1/qpl/m/n/10.95 propo-jenÌ jed-notliv˝ch clus-ter∑ tak aby tvo∞ily je-den cel
ek. Tento p∞Ìstup p∞in·≤Ì mnoho
 []

[36




]
Underfull \hbox (badness 1721) in paragraph at lines 9--10
[]\T1/qpl/m/n/10.95 Dal≤Ìm po∫a-davkem je spu≤t•nÌ r∑zn˝ch ap-likacÌ v clus-ter
ech situo-van˝ch
 []

[37]
Overfull \hbox (1.47435pt too wide) in paragraph at lines 10--11
[]\T1/qpl/m/n/10.95 D∑le∫it˝m as-pek-tem pro b•h dis-tribuo-van˝ch ap-likacÌ je
 ∞ÌzenÌ p∞Ìs-tupu u∫i-vatel∑
 []

) [38]
\openout2 = `tex/chapter07.aux'.

 (./tex/chapter07.tex
Overfull \hbox (0.5581pt too wide) in paragraph at lines 2--2
\T1/qpl/m/n/10.95 Definice po∫a-davk∑ na b•h dis-tribuo-vanÈ datab·ze. Ar-chite
k-tura sys-tÈmu je zo-brazena
 []


Overfull \hbox (0.4669pt too wide) in paragraph at lines 4--4
\T1/qpl/m/n/10.95 Z·kaznÌk Cus-tomer 2 nap∞Ìk-lad nem· pobo£ku v Lond˝n• a prot
o nepot∞e-buje spou≤t•t
 []

[39


]
<images/vk8s-architektura.png, id=554, 862.72313pt x 624.6838pt>
File: images/vk8s-architektura.png Graphic file (type png)
<use images/vk8s-architektura.png>
Package pdftex.def Info: images/vk8s-architektura.png  used on input line 10. o
n input line 10.
Package pdftex.def Info: Requested size: 331.08792pt x 239.72716pt on input lin
e 10.
) [40 <./images/vk8s-architektura.png>]
\openout2 = `tex/chapter08.aux'.

 (./tex/chapter08.tex
<images/vk8s.png, id=562, 963.6pt x 722.7pt>
File: images/vk8s.png Graphic file (type png)
<use images/vk8s.png>
Package pdftex.def Info: images/vk8s.png  used on input line 9. on input line 9
.
Package pdftex.def Info: Requested size: 331.08792pt x 248.3062pt on input line
 9.
 [41


]
Underfull \hbox (badness 10000) in paragraph at lines 15--16
[]\T1/qpl/m/n/10.95 Struktura ap-likace je uve-dena v p∞Ìloze []D[]. Funkcional
ita ap-likace je
 []

(/usr/share/texlive/texmf-dist/tex/latex/base/utf8.def
File: utf8.def 2017/01/28 v1.1t UTF-8 support for inputenc
) [42 <./images/vk8s.png>]
Underfull \hbox (badness 1237) in paragraph at lines 35--35
[]\T1/qpl/m/n/10.95 Implementace v˝≤e zmÌn•n˝ch Man-ager∑ se nach·zÌ v balÌ£ku 
vk8s. Funkce
 []

(/usr/share/texlive/texmf-dist/tex/latex/base/utf8.def
File: utf8.def 2017/01/28 v1.1t UTF-8 support for inputenc
) [43]
(/usr/share/texlive/texmf-dist/tex/latex/base/utf8.def
File: utf8.def 2017/01/28 v1.1t UTF-8 support for inputenc
) [44]
Underfull \hbox (badness 1014) in paragraph at lines 91--93
\T1/qpl/m/n/10.95 P∞Ìk-la-dem m∑∫e b˝t ob-jekt de-ploy-ment-Watcher, kter˝ sle-
duje zdroj De-ploy-ment
 []

[45] (/usr/share/texlive/texmf-dist/tex/latex/base/utf8.def
File: utf8.def 2017/01/28 v1.1t UTF-8 support for inputenc
)
Overfull \hbox (14.1942pt too wide) in paragraph at lines 97--98
[][][][][][][][][][][][][][][][][][][][][][][][][][][][][][][][][][][]  
 []


Overfull \hbox (2.1942pt too wide) in paragraph at lines 107--108
[][][][][][][][][][][][][][][][][][][][][][][][][][][][][][][][][][]  
 []


Overfull \hbox (14.1942pt too wide) in paragraph at lines 112--113
[][][][][][][][][][][][][][][][][][][][][][][][][][][][][][][][][][]  
 []

[46]) [47]
\openout2 = `tex/chapter09.aux'.

 (./tex/chapter09.tex
chapter 6.

Package hyperref Warning: Composite letter `\textasciicaron+r'
(hyperref)                not defined in PD1 encoding,
(hyperref)                removing `\textasciicaron' on input line 3.


Package hyperref Warning: Composite letter `\textring+u'
(hyperref)                not defined in PD1 encoding,
(hyperref)                removing `\textring' on input line 6.

[48




] (/usr/share/texlive/texmf-dist/tex/latex/base/utf8.def
File: utf8.def 2017/01/28 v1.1t UTF-8 support for inputenc
)
Overfull \hbox (2.45891pt too wide) in paragraph at lines 23--23
\T1/qpl/m/n/10.95 kde hv•zdi£kou je oz-na£en˝ ak-tivnÌ kon-text. PotÈ n·sle-duj
e swc p∞Ìkaz []6.1[], kter˝ p∞epne
 []

<images/prompt.png, id=727, 2569.6pt x 379.4175pt>
File: images/prompt.png Graphic file (type png)
<use images/prompt.png>
Package pdftex.def Info: images/prompt.png  used on input line 28. on input lin
e 28.
Package pdftex.def Info: Requested size: 372.46997pt x 54.99385pt on input line
 28.

Package hyperref Warning: Composite letter `\textring+u'
(hyperref)                not defined in PD1 encoding,
(hyperref)                removing `\textring' on input line 34.

<images/nodes-init.png, id=729, 2569.6pt x 762.85pt>
File: images/nodes-init.png Graphic file (type png)
<use images/nodes-init.png>
Package pdftex.def Info: images/nodes-init.png  used on input line 40. on input
 line 40.
Package pdftex.def Info: Requested size: 372.46997pt x 110.56967pt on input lin
e 40.
[49 <./images/prompt.png>]
<images/nodes-initialized.png, id=750, 2569.6pt x 417.56pt>
File: images/nodes-initialized.png Graphic file (type png)
<use images/nodes-initialized.png>
Package pdftex.def Info: images/nodes-initialized.png  used on input line 52. o
n input line 52.
Package pdftex.def Info: Requested size: 372.46997pt x 60.52234pt on input line
 52.


Package hyperref Warning: Composite letter `\textring+u'
(hyperref)                not defined in PD1 encoding,
(hyperref)                removing `\textring' on input line 58.


Underfull \hbox (badness 1430) in paragraph at lines 59--60
\T1/qpl/m/n/10.95 Dal≤Ìm testo-van˝m scÈn·∞em je testov·nÌ dis-tribuce podu z c
en-tr·l-nÌho API do
 []

[50 <./images/nodes-init.png> <./images/nodes-initialized.png>]
(/usr/share/texlive/texmf-dist/tex/latex/base/utf8.def
File: utf8.def 2017/01/28 v1.1t UTF-8 support for inputenc
)
<images/pod.png, id=762, 2569.6pt x 1102.1175pt>
File: images/pod.png Graphic file (type png)
<use images/pod.png>
Package pdftex.def Info: images/pod.png  used on input line 80. on input line 8
0.
Package pdftex.def Info: Requested size: 372.46997pt x 159.74408pt on input lin
e 80.
 [51]

Package hyperref Warning: Composite letter `\textring+u'
(hyperref)                not defined in PD1 encoding,
(hyperref)                removing `\textring' on input line 86.


Overfull \hbox (3.44731pt too wide) in paragraph at lines 87--88
\T1/qpl/m/n/10.95 udr∫o-vat pot∞ebn˝ po£et kon-te-jn-er∑, zvy≤o-vat nebo sni∫o-
vat po£et kon-te-jn-er∑, prov·d•t
 []

(/usr/share/texlive/texmf-dist/tex/latex/base/utf8.def
File: utf8.def 2017/01/28 v1.1t UTF-8 support for inputenc
) [52 <./images/pod.png>] (/usr/share/texlive/texmf-dist/tex/latex/base/utf8.de
f
File: utf8.def 2017/01/28 v1.1t UTF-8 support for inputenc
)
<images/create-deployment.png, id=803, 2546.51375pt x 605.26125pt>
File: images/create-deployment.png Graphic file (type png)
<use images/create-deployment.png>
Package pdftex.def Info: images/create-deployment.png  used on input line 133. 
on input line 133.
Package pdftex.def Info: Requested size: 372.46997pt x 88.52255pt on input line
 133.
 [53]
<images/v1.png, id=832, 2561.57pt x 567.11874pt>
File: images/v1.png Graphic file (type png)
<use images/v1.png>
Package pdftex.def Info: images/v1.png  used on input line 144. on input line 1
44.
Package pdftex.def Info: Requested size: 372.46997pt x 82.45943pt on input line
 144.
<images/deployment-update.png, id=835, 2569.6pt x 740.7675pt>
File: images/deployment-update.png Graphic file (type png)
<use images/deployment-update.png>
Package pdftex.def Info: images/deployment-update.png  used on input line 155. 
on input line 155.
Package pdftex.def Info: Requested size: 372.46997pt x 107.36897pt on input lin
e 155.
<images/v2.png, id=836, 2569.6pt x 549.05125pt>
File: images/v2.png Graphic file (type png)
<use images/v2.png>
Package pdftex.def Info: images/v2.png  used on input line 164. on input line 1
64.
Package pdftex.def Info: Requested size: 372.46997pt x 79.58107pt on input line
 164.
 [54 <./images/create-deployment.png> <./images/v1.png> <./images/deployment-up
date.png>]
<images/rollout.png, id=849, 2569.6pt x 910.40125pt>
File: images/rollout.png Graphic file (type png)
<use images/rollout.png>
Package pdftex.def Info: images/rollout.png  used on input line 174. on input l
ine 174.
Package pdftex.def Info: Requested size: 372.46997pt x 131.95618pt on input lin
e 174.
<images/v3.png, id=850, 2565.585pt x 552.0625pt>
File: images/v3.png Graphic file (type png)
<use images/v3.png>
Package pdftex.def Info: images/v3.png  used on input line 183. on input line 1
83.
Package pdftex.def Info: Requested size: 372.46997pt x 80.14388pt on input line
 183.

[55 <./images/v2.png> <./images/rollout.png> <./images/v3.png>]
<images/scale1.png, id=862, 2569.6pt x 977.6525pt>
File: images/scale1.png Graphic file (type png)
<use images/scale1.png>
Package pdftex.def Info: images/scale1.png  used on input line 194. on input li
ne 194.
Package pdftex.def Info: Requested size: 372.46997pt x 141.70377pt on input lin
e 194.

Underfull \hbox (badness 1412) in paragraph at lines 200--201
\T1/qpl/m/n/10.95 de-set []6.12[]. K8s ihned za-£ne star-to-vat novÈ kon-te-jn-
ery tak, aby bylo dosa∫eno
 []


Overfull \hbox (0.74998pt too wide) in paragraph at lines 200--201
\T1/qpl/m/n/10.95 po∫adovanÈho po£tu de-seti in-stancÌ ap-likace. V p∞ehledu po
d∑ je vid•t, ∫e dva p∑vodnÌ
 []

<images/scale2.png, id=864, 2569.6pt x 1063.975pt>
File: images/scale2.png Graphic file (type png)
<use images/scale2.png>
Package pdftex.def Info: images/scale2.png  used on input line 205. on input li
ne 205.
Package pdftex.def Info: Requested size: 372.46997pt x 154.21559pt on input lin
e 205.
[56 <./images/scale1.png> <./images/scale2.png>]
<images/scale3.png, id=876, 2569.6pt x 514.92375pt>
File: images/scale3.png Graphic file (type png)
<use images/scale3.png>
Package pdftex.def Info: images/scale3.png  used on input line 216. on input li
ne 216.
Package pdftex.def Info: Requested size: 372.46997pt x 74.63452pt on input line
 216.


Package hyperref Warning: Composite letter `\textring+u'
(hyperref)                not defined in PD1 encoding,
(hyperref)                removing `\textring' on input line 222.

(/usr/share/texlive/texmf-dist/tex/latex/base/utf8.def
File: utf8.def 2017/01/28 v1.1t UTF-8 support for inputenc
) [57 <./images/scale3.png>] (/usr/share/texlive/texmf-dist/tex/latex/base/utf8
.def
File: utf8.def 2017/01/28 v1.1t UTF-8 support for inputenc
) [58]
<images/statefulset.png, id=913, 2569.6pt x 1222.5675pt>
File: images/statefulset.png Graphic file (type png)
<use images/statefulset.png>
Package pdftex.def Info: images/statefulset.png  used on input line 248. on inp
ut line 248.
Package pdftex.def Info: Requested size: 372.46997pt x 177.20245pt on input lin
e 248.
<images/curl1.png, id=914, 2554.54375pt x 379.4175pt>
File: images/curl1.png Graphic file (type png)
<use images/curl1.png>
Package pdftex.def Info: images/curl1.png  used on input line 257. on input lin
e 257.
Package pdftex.def Info: Requested size: 372.46997pt x 55.31807pt on input line
 257.
<images/curl2.png, id=915, 2561.57pt x 488.82625pt>
File: images/curl2.png Graphic file (type png)
<use images/curl2.png>
Package pdftex.def Info: images/curl2.png  used on input line 265. on input lin
e 265.
Package pdftex.def Info: Requested size: 372.46997pt x 71.07564pt on input line
 265.
) [59 <./images/statefulset.png> <./images/curl1.png> <./images/curl2.png>]
\openout2 = `tex/chapter10.aux'.


(./tex/chapter10.tex
chapter 7.

Package hyperref Warning: Composite letter `\textasciicaron+e'
(hyperref)                not defined in PD1 encoding,
(hyperref)                removing `\textasciicaron' on input line 1.


Package hyperref Warning: Composite letter `\textasciicaron+c'
(hyperref)                not defined in PD1 encoding,
(hyperref)                removing `\textasciicaron' on input line 1.

[60




]) [61]

Package hyperref Warning: Composite letter `\textasciicaron+r'
(hyperref)                not defined in PD1 encoding,
(hyperref)                removing `\textasciicaron' on input line 305.

\openout2 = `tex/_bib.aux'.

(./tex/_bib.tex
Underfull \hbox (badness 1400) in paragraph at lines 4--6
[]\T1/qpl/m/it/10.95 Remzi H a An-drea C. Arpaci-Dusseau. Cloud-native file sys
-tems. 10th Work-shop
 []


Underfull \hbox (badness 4686) in paragraph at lines 4--6
\T1/qpl/m/it/10.95 on Hot Top-ics in Cloud Com-put-ing [on-line]. 2018, 2018, ,
 1 [cit. 2019-04-
 []


Underfull \hbox (badness 1308) in paragraph at lines 7--8
[]\T1/qpl/m/it/10.95 ZHANG, Shuai, Shufen ZHANG, Xue-bin CHEN a Xi-uzhen HUO. C
loud Com-
 []


Underfull \hbox (badness 1953) in paragraph at lines 7--8
\T1/qpl/m/it/10.95 put-ing Re-search and De-vel-op-ment Trend. In: 2010 Sec-ond
 In-ter-na-tional Con-fer-
 []


Underfull \hbox (badness 4279) in paragraph at lines 7--8
\T1/qpl/m/it/10.95 ence on Fu-ture Net-works [on-line]. IEEE, 2010, 2010, s. 93
-97 [cit. 2019-04-
 []


Underfull \hbox (badness 8170) in paragraph at lines 10--11
[]\T1/qpl/m/it/10.95 B÷HM, MARKUS, STE-FANIE LEIMEIS-TER, CHRISTOPH RIEDL a HEL
-
 []


Underfull \hbox (badness 3158) in paragraph at lines 10--11
\T1/qpl/m/it/10.95 MUT KR-C-MAR. Cloud Com-put-ing and Com-put-ing Evo-lu-tion.
 Tech-nis-che Uni-
 []


Underfull \hbox (badness 1748) in paragraph at lines 10--11
\T1/qpl/m/it/10.95 ver-si-tat Munchen (TUM), Ger-many [on-line]. 2010, 2010 [ci
t. 2018-12-15]. Dos-
 []


Underfull \hbox (badness 10000) in paragraph at lines 10--11
\T1/qpl/m/it/10.95 tupnÈ z: []$\T1/qcr/m/it/10.95 https : / / s3 . amazonaws . 
com / academia . edu . documents /
 []


Underfull \hbox (badness 10000) in paragraph at lines 10--11
\T1/qcr/m/it/10.95 7299069 / 05431874 . pdf ? AWSAccessKeyId = AKIAIWOWYYGZ2Y53
UL3A &
 []


Underfull \hbox (badness 10000) in paragraph at lines 10--11
\T1/qcr/m/it/10.95 Expires = 1555886954 & Signature = 4WW794UtzhnRNy7d21b0CaBPE
Wo %
 []


Underfull \hbox (badness 10000) in paragraph at lines 10--11
\T1/qcr/m/it/10.95 3D & response -[] content -[] disposition = inline % 3B % 20
filename %
 []


! Package inputenc Error: Unicode char ÃÅ (U+301)
(inputenc)                not set up for use with LaTeX.

See the inputenc package documentation for explanation.
Type  H <return>  for immediate help.
 ...                                              
                                                  
l.13 ...J.: Wiley, c2011. ISBN 978-0-470-88799-8.}
                                                  
? 

! Package inputenc Error: Unicode char ÃÅ (U+301)
(inputenc)                not set up for use with LaTeX.

See the inputenc package documentation for explanation.
Type  H <return>  for immediate help.
 ...                                              
                                                  
l.13 ...J.: Wiley, c2011. ISBN 978-0-470-88799-8.}
                                                  
? 
[62






]
Underfull \hbox (badness 10000) in paragraph at lines 26--27
\T1/qcr/m/it/10.95 wp -[] content / uploads / 2015 / 07 / f5 -[] white -[] pape
r -[] virtualization -[]
 []


Underfull \hbox (badness 1147) in paragraph at lines 30--31
[]\T1/qpl/m/it/10.95 Leah Al-ger. HSBC's jour-ney with Ama-zon Cloud. De-vOps O
n-line [on-line]. Velk·
 []


Underfull \hbox (badness 10000) in paragraph at lines 33--34
\T1/qcr/m/it/10.95 com / business / culture -[] shift -[] imperative -[] cloud 
-[] adoption -[] hsbc -[]
 []


Underfull \hbox (badness 2680) in paragraph at lines 39--40
[]\T1/qpl/m/it/10.95 , San-dro Brun-ner, Mar-tin Blˆch-linger, Gio-vanni Tof-fe
tti, Josef Spill-ner, Thomas
 []


Underfull \hbox (badness 5847) in paragraph at lines 42--43
[]\T1/qpl/m/it/10.95 BIAS, Randy. The His-tory of Pets vs Cat-tle and How to Us
e the Anal-ogy
 []


Underfull \hbox (badness 5908) in paragraph at lines 42--43
\T1/qpl/m/it/10.95 Prop-erly. Cloud scal-ing [on-line]. 29 Sep 2016 [cit. 2019-
01-07]. Dos-tupnÈ z:
 []


Underfull \hbox (badness 10000) in paragraph at lines 42--43
[]$\T1/qcr/m/it/10.95 http : / / cloudscaling . com / blog / cloud -[] computin
g / the -[] history -[]
 []


Underfull \hbox (badness 10000) in paragraph at lines 48--49
[]\T1/qpl/m/it/10.95 NANE KRATZKE a PETER-CHRISTIAN QUINT. Un-der-stand-ing clo
ud-
 []


Underfull \hbox (badness 3735) in paragraph at lines 48--49
\T1/qpl/m/it/10.95 native ap-pli-ca-tions af-ter 10 years of cloud com-put-ing 
- A sys-tem-atic map-ping
 []


Underfull \hbox (badness 6927) in paragraph at lines 48--49
\T1/qpl/m/it/10.95 study. The Jour-nal of Sys-tems and Soft-ware [on-line]. 201
7, 126 [cit. 2019-
 []


Underfull \hbox (badness 10000) in paragraph at lines 48--49
\T1/qpl/m/it/10.95 04-22]. Dos-tupnÈ z: []$\T1/qcr/m/it/10.95 https : / / www .
 researchgate . net / profile /
 []


Underfull \hbox (badness 10000) in paragraph at lines 48--49
\T1/qcr/m/it/10.95 Nane _ Kratzke / publication / 312045183 _ Understanding _ C
loud -[]
 []


Underfull \hbox (badness 10000) in paragraph at lines 48--49
\T1/qcr/m/it/10.95 native _ Applications _ after _ 10 _ Years _ of _ Cloud _ Co
mputing _ -[] _ A _
 []


Underfull \hbox (badness 10000) in paragraph at lines 48--49
\T1/qcr/m/it/10.95 Systematic _ Mapping _ Study / links / 588202be4585150dde401
522 /
 []


Underfull \hbox (badness 10000) in paragraph at lines 48--49
\T1/qcr/m/it/10.95 Understanding -[] Cloud -[] native -[] Applications -[] afte
r -[] 10 -[] Years -[] of -[]
 []

[63]
Underfull \hbox (badness 2245) in paragraph at lines 55--56
[]\T1/qpl/m/it/10.95 CALCADO, Phil. Build-ing Prod-ucts at Sound-Cloud ^^VPart 
I: Deal-ing with the
 []


Underfull \hbox (badness 4441) in paragraph at lines 55--56
\T1/qpl/m/it/10.95 Mono-lith. Sound-Cloud de-vel-op-ers [on-line]. 2014 [cit. 2
019-01-15]. Dos-tupnÈ z:
 []


Underfull \hbox (badness 10000) in paragraph at lines 55--56
[]$\T1/qcr/m/it/10.95 https : / / developers . soundcloud . com / blog / buildi
ng -[] products -[]
 []


Underfull \hbox (badness 5050) in paragraph at lines 74--75
\T1/qpl/m/it/10.95 01-26]. Dos-tupnÈ z: []$\T1/qcr/m/it/10.95 https : / / docs 
. openshift . com / enterprise / 3 . 0 /
 []


Underfull \hbox (badness 1552) in paragraph at lines 80--81
[]\T1/qpl/m/it/10.95 Rkt overview. CoreOS [on-line]. 2019 [cit. 2019-01-26]. Do
s-tupnÈ z: []$\T1/qcr/m/it/10.95 https : / /
 []

[64]
Underfull \hbox (badness 4467) in paragraph at lines 86--87
[]\T1/qpl/m/it/10.95 Docker con-tainer use adop-tion de-vops clus-terhq sur-vey
. In: Nanobox [on-line].
 []


Underfull \hbox (badness 4024) in paragraph at lines 86--87
\T1/qpl/m/it/10.95 16 Jun 2017 [cit. 2019-01-26]. Dos-tupnÈ z: []$\T1/qcr/m/it/
10.95 https : / / content . nanobox .
 []


Underfull \hbox (badness 10000) in paragraph at lines 86--87
\T1/qcr/m/it/10.95 io / content / images / 2017 / 06 / docker -[] container -[]
 use -[] adoption -[]
 []


Underfull \hbox (badness 1939) in paragraph at lines 89--90
[]\T1/qpl/m/it/10.95 COMBE, Theo, Antony MAR-TIN a Roberto DI PIETRO. To Docker
 or Not to
 []


Underfull \hbox (badness 6001) in paragraph at lines 92--93
[]\T1/qpl/m/it/10.95 Docker Con-tain-ers - Talk Linux Day. In: SlideShare [on-l
ine]. 20 Jun 2016
 []


Underfull \hbox (badness 10000) in paragraph at lines 92--93
\T1/qpl/m/it/10.95 [cit. 2019-02-10]. Dos-tupnÈ z: []$\T1/qcr/m/it/10.95 https 
: / / image . slidesharecdn . com /
 []


Underfull \hbox (badness 10000) in paragraph at lines 92--93
\T1/qcr/m/it/10.95 dockercontainerslinuxday2015 -[] 160620093427 / 95 / docker 
-[]
 []


Underfull \hbox (badness 1596) in paragraph at lines 101--102
[]\T1/qpl/m/it/10.95 MARTIN, John Paul, A. KAN-DASAMY a K. CHAN-DRASEKARAN. Ex-
plor-ing
 []


Underfull \hbox (badness 2495) in paragraph at lines 101--102
\T1/qpl/m/it/10.95 the sup-port for high per-for-mance ap-pli-ca-tions in the c
on-tainer run-time en-vi-ron-
 []


Underfull \hbox (badness 3907) in paragraph at lines 101--102
\T1/qpl/m/it/10.95 ment. Human-centric Com-put-ing and In-for-ma-tion Sci-ences
 [on-line]. 2018, 8(1)
 []


Underfull \hbox (badness 4792) in paragraph at lines 101--102
\T1/qpl/m/it/10.95 [cit. 2019-04-22]. DOI: 10.1186/s13673-017-0124-3. ISSN 2192
-1962. Dos-tupnÈ
 []


Underfull \hbox (badness 10000) in paragraph at lines 101--102
\T1/qpl/m/it/10.95 z: []$\T1/qcr/m/it/10.95 https : / / hcis -[] journal . spri
ngeropen . com / articles / 10 . 1186 /
 []

[65]
Underfull \hbox (badness 4391) in paragraph at lines 121--122
\T1/qpl/m/it/10.95 02-08]. Dos-tupnÈ z: []$\T1/qcr/m/it/10.95 https : / / sysdi
g . com / blog / 2018 -[] docker -[] usage -[]
 []


Underfull \hbox (badness 10000) in paragraph at lines 133--134
[]\T1/qpl/m/it/10.95 KAPOOR, Sand-hya. How Wat-son Health Cloud De-ploys Ap-
 []


Underfull \hbox (badness 10000) in paragraph at lines 133--134
\T1/qpl/m/it/10.95 pli-ca-tions with Ku-ber-netes. In: Ku-ber-netes blog [on-li
ne]. 14
 []


Underfull \hbox (badness 10000) in paragraph at lines 133--134
\T1/qpl/m/it/10.95 Jul 2017 [cit. 2019-02-26]. Dos-tupnÈ z: []$\T1/qcr/m/it/10.
95 https : / / lh3 .
 []


Underfull \hbox (badness 10000) in paragraph at lines 133--134
\T1/qcr/m/it/10.95 googleusercontent . com / EU3DgtFKagWp5S0UpKj -[] wRgx8WK2nv
Q2BG -[]
 []


Underfull \hbox (badness 10000) in paragraph at lines 133--134
\T1/qcr/m/it/10.95 4dGio57pGNj42A7Lip9IARBba34hIm84 -[] _7zwWt6iImQE8beSqLxpzXm
 -[]
 []


Underfull \hbox (badness 2961) in paragraph at lines 136--137
[]\T1/qpl/m/it/10.95 Calico for Ku-ber-netes. Project Cal-ico [on-line]. 2019 [
cit. 2019-02-26]. Dos-tupnÈ
 []


Underfull \hbox (badness 10000) in paragraph at lines 136--137
\T1/qpl/m/it/10.95 z: []$\T1/qcr/m/it/10.95 https : / / docs . projectcalico . 
org / v2 . 0 / getting -[] started /
 []


Underfull \hbox (badness 1668) in paragraph at lines 142--143
\T1/qpl/m/it/10.95 2019-02-26]. Dos-tupnÈ z: []$\T1/qcr/m/it/10.95 https : / / 
www . weave . works / blog / weave -[] net -[]
 []

! Misplaced alignment tab character &.
<argument> ...igms. Hoboken, NJ, USA: John Wiley &
                                                   Sons, 2019. ISBN 97811195...
l.146 ... Wiley & Sons, 2019. ISBN 9781119524984.}
                                                  
? 
[66]
Underfull \hbox (badness 2057) in paragraph at lines 152--153
[]\T1/qpl/m/it/10.95 CHAMBERS, Brian, Caleb HURD a Alex CRANE. Bare Metal K8s C
lus-ter-ing
 []


Underfull \hbox (badness 1142) in paragraph at lines 152--153
\T1/qpl/m/it/10.95 at Chick-fil-A Scale. In: Medium [on-line]. 26 Jun [cit. 201
9-03-07]. Dos-tupnÈ z:
 []


Underfull \hbox (badness 10000) in paragraph at lines 152--153
[]$\T1/qcr/m/it/10.95 https : / / medium . com / @cfatechblog / bare -[] metal 
-[] k8s -[] clustering -[]
 []


Underfull \hbox (badness 3323) in paragraph at lines 155--156
[]\T1/qpl/m/it/10.95 CHAMBERS, Brian, Caleb HURD, Alex CRANE, Mor-gan MCEN-TIRE
, Jamie
 []


Underfull \hbox (badness 1281) in paragraph at lines 158--159
\T1/qpl/m/it/10.95 [on-line]. 22 Oct 2018 [cit. 2019-03-07]. Dos-tupnÈ z: []$\T
1/qcr/m/it/10.95 https : / / medium . com /
 []


Underfull \hbox (badness 5050) in paragraph at lines 168--169
\T1/qpl/m/it/10.95 03-15]. Dos-tupnÈ z: []$\T1/qcr/m/it/10.95 https : / / cloud
 . google . com / solutions / images /
 []

[67]
Underfull \hbox (badness 4279) in paragraph at lines 183--184
\T1/qpl/m/it/10.95 03-23]. Dos-tupnÈ z: []$\T1/qcr/m/it/10.95 https : / / docs 
. pivotal . io / pivotalcf / 2 -[] 4 / pas /
 []


Underfull \hbox (badness 10000) in paragraph at lines 192--193
[]\T1/qpl/m/it/10.95 REHMAN, Ir-fan Ur, Paul MORIE a Shashid-hara TD. Ku-ber-ne
tes Fed-er-a-
 []


Underfull \hbox (badness 4120) in paragraph at lines 192--193
\T1/qpl/m/it/10.95 tion Evo-lu-tion. Ku-ber-netes blog [on-line]. 12 Dec 2018 [
cit. 2019-03-28]. Dos-
 []


Underfull \hbox (badness 10000) in paragraph at lines 192--193
\T1/qpl/m/it/10.95 tupnÈ z: []$\T1/qcr/m/it/10.95 https : / / kubernetes . io /
 blog / 2018 / 12 / 12 / kubernetes -[]
 []


Underfull \hbox (badness 10000) in paragraph at lines 195--196
[]\T1/qpl/m/it/10.95 Kubernetes fed-er-a-tion. Ku-ber-netes blog [on-line]. 201
8 [cit. 2019-03-28]. Dos-
 []


Underfull \hbox (badness 10000) in paragraph at lines 195--196
\T1/qpl/m/it/10.95 tupnÈ z: []$\T1/qcr/m/it/10.95 https : / / raw . githubuserc
ontent . com / kubernetes -[] sigs /
 []


Underfull \hbox (badness 10000) in paragraph at lines 198--199
[]\T1/qpl/m/it/10.95 Global Con-tin-u-ous De-liv-ery with Spin-naker. Medium, N
e-flix tech-nol-ogy blog
 []


Underfull \hbox (badness 10000) in paragraph at lines 198--199
\T1/qpl/m/it/10.95 [on-line]. 16 Nov 2015 [cit. 2019-03-30]. Dos-tupnÈ z: []$\T
1/qcr/m/it/10.95 https : / / medium .
 []


Underfull \hbox (badness 10000) in paragraph at lines 198--199
\T1/qcr/m/it/10.95 com / netflix -[] techblog / global -[] continuous -[] deliv
ery -[] with -[]
 []


Underfull \hbox (badness 10000) in paragraph at lines 201--202
\T1/qcr/m/it/10.95 products / gcp / guest -[] post -[] multi -[] cloud -[] cont
inuous -[] delivery -[]
 []

! Illegal parameter number in definition of \reserved@a.
<to be read again> 
                   s
l.213 ...running-locally.md#starting-the-cluster}}
                                                  
? 
! Illegal parameter number in definition of \Hy@tempa.
<to be read again> 
                   s
l.213 ...running-locally.md#starting-the-cluster}}
                                                  
? 
! Illegal parameter number in definition of \Hy@tempa.
<to be read again> 
                   s
l.213 ...running-locally.md#starting-the-cluster}}
                                                  
? 

Underfull \hbox (badness 10000) in paragraph at lines 213--214
\T1/qcr/m/it/10.95 master / contributors / devel / running -[] locally . md # s
tarting -[] the -[]
 []

[68]) [69] (./test.lof)
\tf@lof=\write6
\openout6 = `test.lof'.

 [70



] (./test.lot)
\tf@lot=\write7
\openout7 = `test.lot'.



Class scrreprt Warning: \float@listhead detected!
(scrreprt)              Implementation of \float@listhead became
(scrreprt)              deprecated in KOMA-Script v3.01 2008/11/14 and
(scrreprt)              has been replaced by several more flexible
(scrreprt)              features of package `tocbasic`.
(scrreprt)              Maybe implementation of \float@listhead will
(scrreprt)              be removed from KOMA-Script soon.
(scrreprt)              Loading of package `scrhack' may help to
(scrreprt)              avoid this warning, if you are using a
(scrreprt)              a package that still implements the
(scrreprt)              deprecated \float@listhead interface  on input line 313
.

[71


] (./test.lol)
\tf@lol=\write8
\openout8 = `test.lol'.

 [72


]
\openout2 = `tex/_prilohy.aux'.

 (./tex/_prilohy.tex [1



] [2

] [3

] [4]

! Package inputenc Error: Unicode char ‚îú (U+251C)
(inputenc)                not set up for use with LaTeX.

See the inputenc package documentation for explanation.
Type  H <return>  for immediate help.
 ...                                              
                                                  
l.165 \end{verbatim}
                    
? 

! Package inputenc Error: Unicode char ‚îÄ (U+2500)
(inputenc)                not set up for use with LaTeX.

See the inputenc package documentation for explanation.
Type  H <return>  for immediate help.
 ...                                              
                                                  
l.165 \end{verbatim}
                    
? 

! Package inputenc Error: Unicode char ‚îÄ (U+2500)
(inputenc)                not set up for use with LaTeX.

See the inputenc package documentation for explanation.
Type  H <return>  for immediate help.
 ...                                              
                                                  
l.165 \end{verbatim}
                    
? 

! Package inputenc Error: Unicode char ‚îú (U+251C)
(inputenc)                not set up for use with LaTeX.

See the inputenc package documentation for explanation.
Type  H <return>  for immediate help.
 ...                                              
                                                  
l.165 \end{verbatim}
                    
? 

! Package inputenc Error: Unicode char ‚îÄ (U+2500)
(inputenc)                not set up for use with LaTeX.

See the inputenc package documentation for explanation.
Type  H <return>  for immediate help.
 ...                                              
                                                  
l.165 \end{verbatim}
                    
? 

! Package inputenc Error: Unicode char ‚îÄ (U+2500)
(inputenc)                not set up for use with LaTeX.

See the inputenc package documentation for explanation.
Type  H <return>  for immediate help.
 ...                                              
                                                  
l.165 \end{verbatim}
                    
? 

! Package inputenc Error: Unicode char ‚îÇ (U+2502)
(inputenc)                not set up for use with LaTeX.

See the inputenc package documentation for explanation.
Type  H <return>  for immediate help.
 ...                                              
                                                  
l.165 \end{verbatim}
                    
? 

! Package inputenc Error: Unicode char ‚îú (U+251C)
(inputenc)                not set up for use with LaTeX.

See the inputenc package documentation for explanation.
Type  H <return>  for immediate help.
 ...                                              
                                                  
l.165 \end{verbatim}
                    
? 

! Package inputenc Error: Unicode char ‚îÄ (U+2500)
(inputenc)                not set up for use with LaTeX.

See the inputenc package documentation for explanation.
Type  H <return>  for immediate help.
 ...                                              
                                                  
l.165 \end{verbatim}
                    
? 

! Package inputenc Error: Unicode char ‚îÄ (U+2500)
(inputenc)                not set up for use with LaTeX.

See the inputenc package documentation for explanation.
Type  H <return>  for immediate help.
 ...                                              
                                                  
l.165 \end{verbatim}
                    
? 

! Package inputenc Error: Unicode char ‚îÇ (U+2502)
(inputenc)                not set up for use with LaTeX.

See the inputenc package documentation for explanation.
Type  H <return>  for immediate help.
 ...                                              
                                                  
l.165 \end{verbatim}
                    
? 

! Package inputenc Error: Unicode char ‚îÇ (U+2502)
(inputenc)                not set up for use with LaTeX.

See the inputenc package documentation for explanation.
Type  H <return>  for immediate help.
 ...                                              
                                                  
l.165 \end{verbatim}
                    
? 

! Package inputenc Error: Unicode char ‚îî (U+2514)
(inputenc)                not set up for use with LaTeX.

See the inputenc package documentation for explanation.
Type  H <return>  for immediate help.
 ...                                              
                                                  
l.165 \end{verbatim}
                    
? 

! Package inputenc Error: Unicode char ‚îÄ (U+2500)
(inputenc)                not set up for use with LaTeX.

See the inputenc package documentation for explanation.
Type  H <return>  for immediate help.
 ...                                              
                                                  
l.165 \end{verbatim}
                    
? 

! Package inputenc Error: Unicode char ‚îÄ (U+2500)
(inputenc)                not set up for use with LaTeX.

See the inputenc package documentation for explanation.
Type  H <return>  for immediate help.
 ...                                              
                                                  
l.165 \end{verbatim}
                    
? 

! Package inputenc Error: Unicode char ‚îÇ (U+2502)
(inputenc)                not set up for use with LaTeX.

See the inputenc package documentation for explanation.
Type  H <return>  for immediate help.
 ...                                              
                                                  
l.165 \end{verbatim}
                    
? 

! Package inputenc Error: Unicode char ‚îú (U+251C)
(inputenc)                not set up for use with LaTeX.

See the inputenc package documentation for explanation.
Type  H <return>  for immediate help.
 ...                                              
                                                  
l.165 \end{verbatim}
                    
? 

! Package inputenc Error: Unicode char ‚îÄ (U+2500)
(inputenc)                not set up for use with LaTeX.

See the inputenc package documentation for explanation.
Type  H <return>  for immediate help.
 ...                                              
                                                  
l.165 \end{verbatim}
                    
? 

! Package inputenc Error: Unicode char ‚îÄ (U+2500)
(inputenc)                not set up for use with LaTeX.

See the inputenc package documentation for explanation.
Type  H <return>  for immediate help.
 ...                                              
                                                  
l.165 \end{verbatim}
                    
? 

! Package inputenc Error: Unicode char ‚îÇ (U+2502)
(inputenc)                not set up for use with LaTeX.

See the inputenc package documentation for explanation.
Type  H <return>  for immediate help.
 ...                                              
                                                  
l.165 \end{verbatim}
                    
? 

! Package inputenc Error: Unicode char ‚îÇ (U+2502)
(inputenc)                not set up for use with LaTeX.

See the inputenc package documentation for explanation.
Type  H <return>  for immediate help.
 ...                                              
                                                  
l.165 \end{verbatim}
                    
? 

! Package inputenc Error: Unicode char ‚îî (U+2514)
(inputenc)                not set up for use with LaTeX.

See the inputenc package documentation for explanation.
Type  H <return>  for immediate help.
 ...                                              
                                                  
l.165 \end{verbatim}
                    
? 

! Package inputenc Error: Unicode char ‚îÄ (U+2500)
(inputenc)                not set up for use with LaTeX.

See the inputenc package documentation for explanation.
Type  H <return>  for immediate help.
 ...                                              
                                                  
l.165 \end{verbatim}
                    
? 

! Package inputenc Error: Unicode char ‚îÄ (U+2500)
(inputenc)                not set up for use with LaTeX.

See the inputenc package documentation for explanation.
Type  H <return>  for immediate help.
 ...                                              
                                                  
l.165 \end{verbatim}
                    
? 

! Package inputenc Error: Unicode char ‚îÇ (U+2502)
(inputenc)                not set up for use with LaTeX.

See the inputenc package documentation for explanation.
Type  H <return>  for immediate help.
 ...                                              
                                                  
l.165 \end{verbatim}
                    
? 

! Package inputenc Error: Unicode char ‚îú (U+251C)
(inputenc)                not set up for use with LaTeX.

See the inputenc package documentation for explanation.
Type  H <return>  for immediate help.
 ...                                              
                                                  
l.165 \end{verbatim}
                    
? 

! Package inputenc Error: Unicode char ‚îÄ (U+2500)
(inputenc)                not set up for use with LaTeX.

See the inputenc package documentation for explanation.
Type  H <return>  for immediate help.
 ...                                              
                                                  
l.165 \end{verbatim}
                    
? 

! Package inputenc Error: Unicode char ‚îÄ (U+2500)
(inputenc)                not set up for use with LaTeX.

See the inputenc package documentation for explanation.
Type  H <return>  for immediate help.
 ...                                              
                                                  
l.165 \end{verbatim}
                    
? 

! Package inputenc Error: Unicode char ‚îÇ (U+2502)
(inputenc)                not set up for use with LaTeX.

See the inputenc package documentation for explanation.
Type  H <return>  for immediate help.
 ...                                              
                                                  
l.165 \end{verbatim}
                    
? 

! Package inputenc Error: Unicode char ‚îÇ (U+2502)
(inputenc)                not set up for use with LaTeX.

See the inputenc package documentation for explanation.
Type  H <return>  for immediate help.
 ...                                              
                                                  
l.165 \end{verbatim}
                    
? 

! Package inputenc Error: Unicode char ‚îú (U+251C)
(inputenc)                not set up for use with LaTeX.

See the inputenc package documentation for explanation.
Type  H <return>  for immediate help.
 ...                                              
                                                  
l.165 \end{verbatim}
                    
? 

! Package inputenc Error: Unicode char ‚îÄ (U+2500)
(inputenc)                not set up for use with LaTeX.

See the inputenc package documentation for explanation.
Type  H <return>  for immediate help.
 ...                                              
                                                  
l.165 \end{verbatim}
                    
? 

! Package inputenc Error: Unicode char ‚îÄ (U+2500)
(inputenc)                not set up for use with LaTeX.

See the inputenc package documentation for explanation.
Type  H <return>  for immediate help.
 ...                                              
                                                  
l.165 \end{verbatim}
                    
? 

! Package inputenc Error: Unicode char ‚îÇ (U+2502)
(inputenc)                not set up for use with LaTeX.

See the inputenc package documentation for explanation.
Type  H <return>  for immediate help.
 ...                                              
                                                  
l.165 \end{verbatim}
                    
? 

! Package inputenc Error: Unicode char ‚îÇ (U+2502)
(inputenc)                not set up for use with LaTeX.

See the inputenc package documentation for explanation.
Type  H <return>  for immediate help.
 ...                                              
                                                  
l.165 \end{verbatim}
                    
? 

! Package inputenc Error: Unicode char ‚îî (U+2514)
(inputenc)                not set up for use with LaTeX.

See the inputenc package documentation for explanation.
Type  H <return>  for immediate help.
 ...                                              
                                                  
l.165 \end{verbatim}
                    
? 

! Package inputenc Error: Unicode char ‚îÄ (U+2500)
(inputenc)                not set up for use with LaTeX.

See the inputenc package documentation for explanation.
Type  H <return>  for immediate help.
 ...                                              
                                                  
l.165 \end{verbatim}
                    
? 

! Package inputenc Error: Unicode char ‚îÄ (U+2500)
(inputenc)                not set up for use with LaTeX.

See the inputenc package documentation for explanation.
Type  H <return>  for immediate help.
 ...                                              
                                                  
l.165 \end{verbatim}
                    
? 

! Package inputenc Error: Unicode char ‚îÇ (U+2502)
(inputenc)                not set up for use with LaTeX.

See the inputenc package documentation for explanation.
Type  H <return>  for immediate help.
 ...                                              
                                                  
l.165 \end{verbatim}
                    
? 

! Package inputenc Error: Unicode char ‚îú (U+251C)
(inputenc)                not set up for use with LaTeX.

See the inputenc package documentation for explanation.
Type  H <return>  for immediate help.
 ...                                              
                                                  
l.165 \end{verbatim}
                    
? 

! Package inputenc Error: Unicode char ‚îÄ (U+2500)
(inputenc)                not set up for use with LaTeX.

See the inputenc package documentation for explanation.
Type  H <return>  for immediate help.
 ...                                              
                                                  
l.165 \end{verbatim}
                    
? 

! Package inputenc Error: Unicode char ‚îÄ (U+2500)
(inputenc)                not set up for use with LaTeX.

See the inputenc package documentation for explanation.
Type  H <return>  for immediate help.
 ...                                              
                                                  
l.165 \end{verbatim}
                    
? 

! Package inputenc Error: Unicode char ‚îÇ (U+2502)
(inputenc)                not set up for use with LaTeX.

See the inputenc package documentation for explanation.
Type  H <return>  for immediate help.
 ...                                              
                                                  
l.165 \end{verbatim}
                    
? 

! Package inputenc Error: Unicode char ‚îÇ (U+2502)
(inputenc)                not set up for use with LaTeX.

See the inputenc package documentation for explanation.
Type  H <return>  for immediate help.
 ...                                              
                                                  
l.165 \end{verbatim}
                    
? 

! Package inputenc Error: Unicode char ‚îú (U+251C)
(inputenc)                not set up for use with LaTeX.

See the inputenc package documentation for explanation.
Type  H <return>  for immediate help.
 ...                                              
                                                  
l.165 \end{verbatim}
                    
? 

! Package inputenc Error: Unicode char ‚îÄ (U+2500)
(inputenc)                not set up for use with LaTeX.

See the inputenc package documentation for explanation.
Type  H <return>  for immediate help.
 ...                                              
                                                  
l.165 \end{verbatim}
                    
? 

! Package inputenc Error: Unicode char ‚îÄ (U+2500)
(inputenc)                not set up for use with LaTeX.

See the inputenc package documentation for explanation.
Type  H <return>  for immediate help.
 ...                                              
                                                  
l.165 \end{verbatim}
                    
? 

! Package inputenc Error: Unicode char ‚îÇ (U+2502)
(inputenc)                not set up for use with LaTeX.

See the inputenc package documentation for explanation.
Type  H <return>  for immediate help.
 ...                                              
                                                  
l.165 \end{verbatim}
                    
? 

! Package inputenc Error: Unicode char ‚îÇ (U+2502)
(inputenc)                not set up for use with LaTeX.

See the inputenc package documentation for explanation.
Type  H <return>  for immediate help.
 ...                                              
                                                  
l.165 \end{verbatim}
                    
? 

! Package inputenc Error: Unicode char ‚îú (U+251C)
(inputenc)                not set up for use with LaTeX.

See the inputenc package documentation for explanation.
Type  H <return>  for immediate help.
 ...                                              
                                                  
l.165 \end{verbatim}
                    
? 

! Package inputenc Error: Unicode char ‚îÄ (U+2500)
(inputenc)                not set up for use with LaTeX.

See the inputenc package documentation for explanation.
Type  H <return>  for immediate help.
 ...                                              
                                                  
l.165 \end{verbatim}
                    
? 

! Package inputenc Error: Unicode char ‚îÄ (U+2500)
(inputenc)                not set up for use with LaTeX.

See the inputenc package documentation for explanation.
Type  H <return>  for immediate help.
 ...                                              
                                                  
l.165 \end{verbatim}
                    
? 

! Package inputenc Error: Unicode char ‚îÇ (U+2502)
(inputenc)                not set up for use with LaTeX.

See the inputenc package documentation for explanation.
Type  H <return>  for immediate help.
 ...                                              
                                                  
l.165 \end{verbatim}
                    
? 

! Package inputenc Error: Unicode char ‚îÇ (U+2502)
(inputenc)                not set up for use with LaTeX.

See the inputenc package documentation for explanation.
Type  H <return>  for immediate help.
 ...                                              
                                                  
l.165 \end{verbatim}
                    
? 

! Package inputenc Error: Unicode char ‚îî (U+2514)
(inputenc)                not set up for use with LaTeX.

See the inputenc package documentation for explanation.
Type  H <return>  for immediate help.
 ...                                              
                                                  
l.165 \end{verbatim}
                    
? 

! Package inputenc Error: Unicode char ‚îÄ (U+2500)
(inputenc)                not set up for use with LaTeX.

See the inputenc package documentation for explanation.
Type  H <return>  for immediate help.
 ...                                              
                                                  
l.165 \end{verbatim}
                    
? 

! Package inputenc Error: Unicode char ‚îÄ (U+2500)
(inputenc)                not set up for use with LaTeX.

See the inputenc package documentation for explanation.
Type  H <return>  for immediate help.
 ...                                              
                                                  
l.165 \end{verbatim}
                    
? 

! Package inputenc Error: Unicode char ‚îÇ (U+2502)
(inputenc)                not set up for use with LaTeX.

See the inputenc package documentation for explanation.
Type  H <return>  for immediate help.
 ...                                              
                                                  
l.165 \end{verbatim}
                    
? 

! Package inputenc Error: Unicode char ‚îî (U+2514)
(inputenc)                not set up for use with LaTeX.

See the inputenc package documentation for explanation.
Type  H <return>  for immediate help.
 ...                                              
                                                  
l.165 \end{verbatim}
                    
? 

! Package inputenc Error: Unicode char ‚îÄ (U+2500)
(inputenc)                not set up for use with LaTeX.

See the inputenc package documentation for explanation.
Type  H <return>  for immediate help.
 ...                                              
                                                  
l.165 \end{verbatim}
                    
? 

! Package inputenc Error: Unicode char ‚îÄ (U+2500)
(inputenc)                not set up for use with LaTeX.

See the inputenc package documentation for explanation.
Type  H <return>  for immediate help.
 ...                                              
                                                  
l.165 \end{verbatim}
                    
? 

! Package inputenc Error: Unicode char ‚îÇ (U+2502)
(inputenc)                not set up for use with LaTeX.

See the inputenc package documentation for explanation.
Type  H <return>  for immediate help.
 ...                                              
                                                  
l.165 \end{verbatim}
                    
? 

! Package inputenc Error: Unicode char ‚îú (U+251C)
(inputenc)                not set up for use with LaTeX.

See the inputenc package documentation for explanation.
Type  H <return>  for immediate help.
 ...                                              
                                                  
l.165 \end{verbatim}
                    
? 

! Package inputenc Error: Unicode char ‚îÄ (U+2500)
(inputenc)                not set up for use with LaTeX.

See the inputenc package documentation for explanation.
Type  H <return>  for immediate help.
 ...                                              
                                                  
l.165 \end{verbatim}
                    
? 

! Package inputenc Error: Unicode char ‚îÄ (U+2500)
(inputenc)                not set up for use with LaTeX.

See the inputenc package documentation for explanation.
Type  H <return>  for immediate help.
 ...                                              
                                                  
l.165 \end{verbatim}
                    
? 

! Package inputenc Error: Unicode char ‚îÇ (U+2502)
(inputenc)                not set up for use with LaTeX.

See the inputenc package documentation for explanation.
Type  H <return>  for immediate help.
 ...                                              
                                                  
l.165 \end{verbatim}
                    
? 

! Package inputenc Error: Unicode char ‚îú (U+251C)
(inputenc)                not set up for use with LaTeX.

See the inputenc package documentation for explanation.
Type  H <return>  for immediate help.
 ...                                              
                                                  
l.165 \end{verbatim}
                    
? 

! Package inputenc Error: Unicode char ‚îÄ (U+2500)
(inputenc)                not set up for use with LaTeX.

See the inputenc package documentation for explanation.
Type  H <return>  for immediate help.
 ...                                              
                                                  
l.165 \end{verbatim}
                    
? 

! Package inputenc Error: Unicode char ‚îÄ (U+2500)
(inputenc)                not set up for use with LaTeX.

See the inputenc package documentation for explanation.
Type  H <return>  for immediate help.
 ...                                              
                                                  
l.165 \end{verbatim}
                    
? 

! Package inputenc Error: Unicode char ‚îÇ (U+2502)
(inputenc)                not set up for use with LaTeX.

See the inputenc package documentation for explanation.
Type  H <return>  for immediate help.
 ...                                              
                                                  
l.165 \end{verbatim}
                    
? 

! Package inputenc Error: Unicode char ‚îú (U+251C)
(inputenc)                not set up for use with LaTeX.

See the inputenc package documentation for explanation.
Type  H <return>  for immediate help.
 ...                                              
                                                  
l.165 \end{verbatim}
                    
? 

! Package inputenc Error: Unicode char ‚îÄ (U+2500)
(inputenc)                not set up for use with LaTeX.

See the inputenc package documentation for explanation.
Type  H <return>  for immediate help.
 ...                                              
                                                  
l.165 \end{verbatim}
                    
? 

! Package inputenc Error: Unicode char ‚îÄ (U+2500)
(inputenc)                not set up for use with LaTeX.

See the inputenc package documentation for explanation.
Type  H <return>  for immediate help.
 ...                                              
                                                  
l.165 \end{verbatim}
                    
? 

! Package inputenc Error: Unicode char ‚îÇ (U+2502)
(inputenc)                not set up for use with LaTeX.

See the inputenc package documentation for explanation.
Type  H <return>  for immediate help.
 ...                                              
                                                  
l.165 \end{verbatim}
                    
? 

! Package inputenc Error: Unicode char ‚îú (U+251C)
(inputenc)                not set up for use with LaTeX.

See the inputenc package documentation for explanation.
Type  H <return>  for immediate help.
 ...                                              
                                                  
l.165 \end{verbatim}
                    
? 

! Package inputenc Error: Unicode char ‚îÄ (U+2500)
(inputenc)                not set up for use with LaTeX.

See the inputenc package documentation for explanation.
Type  H <return>  for immediate help.
 ...                                              
                                                  
l.165 \end{verbatim}
                    
? 

! Package inputenc Error: Unicode char ‚îÄ (U+2500)
(inputenc)                not set up for use with LaTeX.

See the inputenc package documentation for explanation.
Type  H <return>  for immediate help.
 ...                                              
                                                  
l.165 \end{verbatim}
                    
? 

! Package inputenc Error: Unicode char ‚îÇ (U+2502)
(inputenc)                not set up for use with LaTeX.

See the inputenc package documentation for explanation.
Type  H <return>  for immediate help.
 ...                                              
                                                  
l.165 \end{verbatim}
                    
? 

! Package inputenc Error: Unicode char ‚îú (U+251C)
(inputenc)                not set up for use with LaTeX.

See the inputenc package documentation for explanation.
Type  H <return>  for immediate help.
 ...                                              
                                                  
l.165 \end{verbatim}
                    
? 

! Package inputenc Error: Unicode char ‚îÄ (U+2500)
(inputenc)                not set up for use with LaTeX.

See the inputenc package documentation for explanation.
Type  H <return>  for immediate help.
 ...                                              
                                                  
l.165 \end{verbatim}
                    
? 

! Package inputenc Error: Unicode char ‚îÄ (U+2500)
(inputenc)                not set up for use with LaTeX.

See the inputenc package documentation for explanation.
Type  H <return>  for immediate help.
 ...                                              
                                                  
l.165 \end{verbatim}
                    
? 

! Package inputenc Error: Unicode char ‚îÇ (U+2502)
(inputenc)                not set up for use with LaTeX.

See the inputenc package documentation for explanation.
Type  H <return>  for immediate help.
 ...                                              
                                                  
l.165 \end{verbatim}
                    
? 

! Package inputenc Error: Unicode char ‚îú (U+251C)
(inputenc)                not set up for use with LaTeX.

See the inputenc package documentation for explanation.
Type  H <return>  for immediate help.
 ...                                              
                                                  
l.165 \end{verbatim}
                    
? 

! Package inputenc Error: Unicode char ‚îÄ (U+2500)
(inputenc)                not set up for use with LaTeX.

See the inputenc package documentation for explanation.
Type  H <return>  for immediate help.
 ...                                              
                                                  
l.165 \end{verbatim}
                    
? 

! Package inputenc Error: Unicode char ‚îÄ (U+2500)
(inputenc)                not set up for use with LaTeX.

See the inputenc package documentation for explanation.
Type  H <return>  for immediate help.
 ...                                              
                                                  
l.165 \end{verbatim}
                    
? 

! Package inputenc Error: Unicode char ‚îÇ (U+2502)
(inputenc)                not set up for use with LaTeX.

See the inputenc package documentation for explanation.
Type  H <return>  for immediate help.
 ...                                              
                                                  
l.165 \end{verbatim}
                    
? 

! Package inputenc Error: Unicode char ‚îú (U+251C)
(inputenc)                not set up for use with LaTeX.

See the inputenc package documentation for explanation.
Type  H <return>  for immediate help.
 ...                                              
                                                  
l.165 \end{verbatim}
                    
? 

! Package inputenc Error: Unicode char ‚îÄ (U+2500)
(inputenc)                not set up for use with LaTeX.

See the inputenc package documentation for explanation.
Type  H <return>  for immediate help.
 ...                                              
                                                  
l.165 \end{verbatim}
                    
? 

! Package inputenc Error: Unicode char ‚îÄ (U+2500)
(inputenc)                not set up for use with LaTeX.

See the inputenc package documentation for explanation.
Type  H <return>  for immediate help.
 ...                                              
                                                  
l.165 \end{verbatim}
                    
? 

! Package inputenc Error: Unicode char ‚îÇ (U+2502)
(inputenc)                not set up for use with LaTeX.

See the inputenc package documentation for explanation.
Type  H <return>  for immediate help.
 ...                                              
                                                  
l.165 \end{verbatim}
                    
? 

! Package inputenc Error: Unicode char ‚îú (U+251C)
(inputenc)                not set up for use with LaTeX.

See the inputenc package documentation for explanation.
Type  H <return>  for immediate help.
 ...                                              
                                                  
l.165 \end{verbatim}
                    
? 

! Package inputenc Error: Unicode char ‚îÄ (U+2500)
(inputenc)                not set up for use with LaTeX.

See the inputenc package documentation for explanation.
Type  H <return>  for immediate help.
 ...                                              
                                                  
l.165 \end{verbatim}
                    
? 

! Package inputenc Error: Unicode char ‚îÄ (U+2500)
(inputenc)                not set up for use with LaTeX.

See the inputenc package documentation for explanation.
Type  H <return>  for immediate help.
 ...                                              
                                                  
l.165 \end{verbatim}
                    
? 

! Package inputenc Error: Unicode char ‚îÇ (U+2502)
(inputenc)                not set up for use with LaTeX.

See the inputenc package documentation for explanation.
Type  H <return>  for immediate help.
 ...                                              
                                                  
l.165 \end{verbatim}
                    
? 

! Package inputenc Error: Unicode char ‚îî (U+2514)
(inputenc)                not set up for use with LaTeX.

See the inputenc package documentation for explanation.
Type  H <return>  for immediate help.
 ...                                              
                                                  
l.165 \end{verbatim}
                    
? 

! Package inputenc Error: Unicode char ‚îÄ (U+2500)
(inputenc)                not set up for use with LaTeX.

See the inputenc package documentation for explanation.
Type  H <return>  for immediate help.
 ...                                              
                                                  
l.165 \end{verbatim}
                    
? 

! Package inputenc Error: Unicode char ‚îÄ (U+2500)
(inputenc)                not set up for use with LaTeX.

See the inputenc package documentation for explanation.
Type  H <return>  for immediate help.
 ...                                              
                                                  
l.165 \end{verbatim}
                    
? 

! Package inputenc Error: Unicode char ‚îú (U+251C)
(inputenc)                not set up for use with LaTeX.

See the inputenc package documentation for explanation.
Type  H <return>  for immediate help.
 ...                                              
                                                  
l.165 \end{verbatim}
                    
? 

! Package inputenc Error: Unicode char ‚îÄ (U+2500)
(inputenc)                not set up for use with LaTeX.

See the inputenc package documentation for explanation.
Type  H <return>  for immediate help.
 ...                                              
                                                  
l.165 \end{verbatim}
                    
? 

! Package inputenc Error: Unicode char ‚îÄ (U+2500)
(inputenc)                not set up for use with LaTeX.

See the inputenc package documentation for explanation.
Type  H <return>  for immediate help.
 ...                                              
                                                  
l.165 \end{verbatim}
                    
? 
) [5

]

! Package pdfpages Error: Cannot find file `zadani.pdf'.

See the pdfpages package documentation for explanation.
Type  H <return>  for immediate help.
 ...                                              
                                                  
l.318 \includepdf[pages={1}]{zadani.pdf}
                                        
? 
! Undefined control sequence.
\AM@checkpagenumber #1->\ifnum #1>\AM@pagecount 
                                                \relax \ifthenelse {\boolean...
l.318 \includepdf[pages={1}]{zadani.pdf}
                                        
? 
! Missing number, treated as zero.
<to be read again> 
                   \relax 
l.318 \includepdf[pages={1}]{zadani.pdf}
                                        
? 

! Package pdfpages Error: Page 1 of `\AM@currentdocname ' does not exist.

See the pdfpages package documentation for explanation.
Type  H <return>  for immediate help.
 ...                                              
                                                  
l.318 \includepdf[pages={1}]{zadani.pdf}
                                        
? 

! Package pdftex.def Error: File `\AM@currentdocname .pdf' not found: using dra
ft setting.

See the pdftex.def package documentation for explanation.
Type  H <return>  for immediate help.
 ...                                              
                                                  
l.318 \includepdf[pages={1}]{zadani.pdf}
                                        
? 

! Package pdftex.def Error: File `\AM@currentdocname .pdf' not found: using dra
ft setting.

See the pdftex.def package documentation for explanation.
Type  H <return>  for immediate help.
 ...                                              
                                                  
l.318 \includepdf[pages={1}]{zadani.pdf}
                                        
? 

! Package pdftex.def Error: File `\AM@currentdocname .pdf' not found: using dra
ft setting.

See the pdftex.def package documentation for explanation.
Type  H <return>  for immediate help.
 ...                                              
                                                  
l.318 \includepdf[pages={1}]{zadani.pdf}
                                        
? 

! Package pdftex.def Error: File `\AM@currentdocname .pdf' not found: using dra
ft setting.

See the pdftex.def package documentation for explanation.
Type  H <return>  for immediate help.
 ...                                              
                                                  
l.318 \includepdf[pages={1}]{zadani.pdf}
                                        
? 

! Package pdftex.def Error: File `\AM@currentdocname .pdf' not found: using dra
ft setting.

See the pdftex.def package documentation for explanation.
Type  H <return>  for immediate help.
 ...                                              
                                                  
l.318 \includepdf[pages={1}]{zadani.pdf}
                                        
? 
[6

]
Package atveryend Info: Empty hook `BeforeClearDocument' on input line 321.
Package atveryend Info: Empty hook `AfterLastShipout' on input line 321.
 (./test.aux (./tex/chapter0.aux) (./tex/chapter01.aux) (./tex/chapter02.aux) (
./tex/chapter04.aux) (./tex/chapter05.aux) (./tex/chapter06.aux)
(./tex/chapter07.aux) (./tex/chapter08.aux) (./tex/chapter09.aux)
(./tex/chapter10.aux) (./tex/_bib.aux) (./tex/_prilohy.aux))
Package atveryend Info: Executing hook `AtVeryEndDocument' on input line 321.
Package atveryend Info: Executing hook `AtEndAfterFileList' on input line 321.
Package rerunfilecheck Info: File `test.out' has not changed.
(rerunfilecheck)             Checksum: 8270DEA922FBAB15F7EB6BA718D09299;2110.


LaTeX Font Warning: Some font shapes were not available, defaults substituted.


LaTeX Warning: Label(s) may have changed. Rerun to get cross-references right.

Package atveryend Info: Empty hook `AtVeryVeryEnd' on input line 321.
 ) 
Here is how much of TeX's memory you used:
 15709 strings out of 494855
 241418 string characters out of 6179190
 471325 words of memory out of 5000000
 18121 multiletter control sequences out of 15000+600000
 88111 words of font info for 61 fonts, out of 8000000 for 9000
 59 hyphenation exceptions out of 8191
 42i,17n,66p,8839b,2281s stack positions out of 5000i,500n,10000p,200000b,80000s
{/usr/share/texmf/fonts/enc/dvips/tex-gyre/q-ec.enc}{/usr/share/texmf/fonts/e
nc/dvips/tex-gyre/q-ec-sc.enc}</usr/share/texlive/texmf-dist/fonts/type1/public
/amsfonts/cm/cmsy10.pfb></usr/share/texmf/fonts/type1/public/tex-gyre/qcrb.pfb>
</usr/share/texmf/fonts/type1/public/tex-gyre/qcrr.pfb></usr/share/texmf/fonts/
type1/public/tex-gyre/qcrri.pfb></usr/share/texmf/fonts/type1/public/tex-gyre/q
hvb.pfb></usr/share/texmf/fonts/type1/public/tex-gyre/qhvr.pfb></usr/share/texm
f/fonts/type1/public/tex-gyre/qplb.pfb></usr/share/texmf/fonts/type1/public/tex
-gyre/qplr.pfb></usr/share/texmf/fonts/type1/public/tex-gyre/qplri.pfb>
Output written on test.pdf (83 pages, 3162580 bytes).
PDF statistics:
 1330 PDF objects out of 1440 (max. 8388607)
 1168 compressed objects within 12 object streams
 443 named destinations out of 1000 (max. 500000)
 373 words of extra memory for PDF output out of 10000 (max. 10000000)

